<html>
<body>
<pre>
<h1>µVision Build Log</h1>
<h2>Project:</h2>
D:\MyAdd\Ã‘±¶Õ¯µÍ\AD”ÎDA\AD\ADS1292\1-ƒ£øÈ≤‚ ‘◊‹Ω·\≤‚ ‘≥Ã–Ú\STM32F103\STM32F103_FIR_ADS1292_usart\Project\ADS1292.uvproj
Project File Date:  10/21/2020

<h2>Output:</h2>
Rebuild target 'ADS1292'
compiling main.c...
compiling stm32f10x_it.c...
compiling LED.c...
compiling PeripheralInit.c...
compiling Delay.c...
compiling lze_lcd.c...
compiling usart.c...
compiling ADS1292.c...
compiling spi.c...
compiling EXTInterrupt.c...
compiling misc.c...
compiling stm32f10x_rcc.c...
compiling stm32f10x_gpio.c...
compiling stm32f10x_exti.c...
compiling stm32f10x_tim.c...
compiling stm32f10x_fsmc.c...
compiling stm32f10x_spi.c...
compiling stm32f10x_usart.c...
compiling core_cm3.c...
compiling system_stm32f10x.c...
assembling startup_stm32f10x_hd.s...
linking...
Program Size: Code=16060 RO-data=1612 RW-data=84 ZI-data=2884  
FromELF: creating hex file...
".\Obj\ADS1292.axf" - 0 Error(s), 0 Warning(s).
