Component: ARM Compiler 5.06 update 6 (build 750) Tool: armlink [4d35ed]

==============================================================================

Section Cross References

    main.o(.text) refers to strncpy.o(.text) for strncpy
    main.o(.text) refers to oled.o(.text) for OLED_ShowString
    main.o(.text) refers to delay.o(.text) for Delay_1ms
    main.o(.text) refers to max30102.o(.text) for MAX30102_Init
    main.o(.text) refers to usart.o(.text) for uart_init
    main.o(.text) refers to stm32f10x_usart.o(.text) for USART_ITConfig
    main.o(.text) refers to peripheralinit.o(.text) for PeripheralInit
    main.o(.text) refers to arm_fir_init_f32.o(.text) for arm_fir_init_f32
    main.o(.text) refers to stm32f10x_gpio.o(.text) for GPIO_ResetBits
    main.o(.text) refers to spi.o(.text) for SPI1_ReadWriteByte
    main.o(.text) refers to main.o(.data) for uart_rx_flag
    main.o(.text) refers to main.o(.bss) for uart_rx_buf
    main.o(.text) refers to main.o(.constdata) for .constdata
    main.o(.text) refers to ffltui.o(.text) for __aeabi_ui2f
    main.o(.text) refers to fdiv.o(.text) for __aeabi_fdiv
    main.o(.text) refers to fmul.o(.text) for __aeabi_fmul
    main.o(.text) refers to ffixi.o(.text) for __aeabi_f2iz
    main.o(.text) refers to ffixui.o(.text) for __aeabi_f2uiz
    main.o(.text) refers to arm_fir_f32.o(.text) for arm_fir_f32
    main.o(.text) refers to cfrcmple.o(.text) for __aeabi_cfrcmple
    main.o(.text) refers to cfcmple.o(.text) for __aeabi_cfcmple
    main.o(.text) refers to fflti.o(.text) for __aeabi_i2f
    main.o(.text) refers to f2d.o(.text) for __aeabi_f2d
    main.o(.text) refers to printfa.o(i.__0printf) for __2printf
    main.o(.text) refers to main.o(.conststring) for .conststring
    main.o(.data) refers to main.o(.conststring) for .conststring
    stm32f10x_it.o(.text) refers to stm32f10x_exti.o(.text) for EXTI_ClearITPendingBit
    stm32f10x_it.o(.text) refers to spi.o(.text) for SPI1_ReadWriteByte
    stm32f10x_it.o(.text) refers to main.o(.data) for ch1_data
    led.o(.text) refers to stm32f10x_rcc.o(.text) for RCC_APB2PeriphClockCmd
    led.o(.text) refers to stm32f10x_gpio.o(.text) for GPIO_Init
    peripheralinit.o(.text) refers to delay.o(.text) for Delay_5ms
    peripheralinit.o(.text) refers to led.o(.text) for GPIO_LED_Configuration
    peripheralinit.o(.text) refers to usart.o(.text) for uart_init
    peripheralinit.o(.text) refers to ads1292.o(.text) for GPIO_ADS1292_Configuration
    peripheralinit.o(.text) refers to extinterrupt.o(.text) for EXTInterrupt_Init
    peripheralinit.o(.text) refers to spi.o(.text) for SPI1_Init
    lze_lcd.o(.text) refers to stm32f10x_rcc.o(.text) for RCC_APB2PeriphClockCmd
    lze_lcd.o(.text) refers to stm32f10x_gpio.o(.text) for GPIO_Init
    lze_lcd.o(.text) refers to stm32f10x_fsmc.o(.text) for FSMC_NORSRAMInit
    lze_lcd.o(.text) refers to lze_lcd.o(.bss) for LCD_Dev
    lze_lcd.o(.text) refers to lze_lcd.o(.data) for LCD_Currentfonts
    lze_lcd.o(.text) refers to delay.o(.text) for Delay_1ms
    lze_lcd.o(.text) refers to printfa.o(i.__0sprintf) for __2sprintf
    lze_lcd.o(.data) refers to lze_lcd.o(.constdata) for Font8_Table
    usart.o(.text) refers to stm32f10x_rcc.o(.text) for RCC_APB2PeriphClockCmd
    usart.o(.text) refers to stm32f10x_gpio.o(.text) for GPIO_Init
    usart.o(.text) refers to misc.o(.text) for NVIC_Init
    usart.o(.text) refers to stm32f10x_usart.o(.text) for USART_Init
    usart.o(.text) refers to main.o(.data) for uart_rx_tail
    usart.o(.text) refers to main.o(.bss) for uart_rx_buf
    ads1292.o(.text) refers to stm32f10x_rcc.o(.text) for RCC_APB2PeriphClockCmd
    ads1292.o(.text) refers to stm32f10x_gpio.o(.text) for GPIO_Init
    ads1292.o(.text) refers to spi.o(.text) for SPI1_ReadWriteByte
    ads1292.o(.text) refers to delay.o(.text) for Delay_1us
    ads1292.o(.text) refers to printfa.o(i.__0printf) for __2printf
    spi.o(.text) refers to stm32f10x_rcc.o(.text) for RCC_APB2PeriphClockCmd
    spi.o(.text) refers to stm32f10x_gpio.o(.text) for GPIO_Init
    spi.o(.text) refers to stm32f10x_spi.o(.text) for SPI_Init
    spi.o(.text) refers to spi.o(.bss) for SPI_InitStructure
    extinterrupt.o(.text) refers to stm32f10x_rcc.o(.text) for RCC_APB2PeriphClockCmd
    extinterrupt.o(.text) refers to stm32f10x_gpio.o(.text) for GPIO_Init
    extinterrupt.o(.text) refers to stm32f10x_exti.o(.text) for EXTI_Init
    extinterrupt.o(.text) refers to misc.o(.text) for NVIC_PriorityGroupConfig
    stm32f10x_rcc.o(.text) refers to stm32f10x_rcc.o(.data) for APBAHBPrescTable
    stm32f10x_gpio.o(.text) refers to stm32f10x_rcc.o(.text) for RCC_APB2PeriphResetCmd
    stm32f10x_tim.o(.text) refers to stm32f10x_rcc.o(.text) for RCC_APB2PeriphResetCmd
    stm32f10x_spi.o(.text) refers to stm32f10x_rcc.o(.text) for RCC_APB2PeriphResetCmd
    stm32f10x_usart.o(.text) refers to stm32f10x_rcc.o(.text) for RCC_APB2PeriphResetCmd
[...]
    printf1.o(i.__0vfprintf$1) refers to usart.o(.text) for fputc
    printf1.o(i.__0vprintf$1) refers to printf1.o(i._printf_core) for _printf_core
    printf1.o(i.__0vprintf$1) refers to usart.o(.text) for fputc
    printf1.o(i.__0vprintf$1) refers to usart.o(.data) for __stdout
    printf1.o(i.__0vsnprintf$1) refers to printf1.o(i._printf_core) for _printf_core
    printf1.o(i.__0vsnprintf$1) refers to printf1.o(i._snputc) for _snputc
    printf1.o(i.__0vsprintf$1) refers to printf1.o(i._printf_core) for _printf_core
    printf1.o(i.__0vsprintf$1) refers to printf1.o(i._sputc) for _sputc
    printf1.o(i._printf_core) refers to uidiv.o(.text) for __aeabi_uidivmod
    printf2.o(i.__0fprintf$2) refers to printf2.o(i._printf_core) for _printf_core
    printf2.o(i.__0fprintf$2) refers to usart.o(.text) for fputc
    printf2.o(i.__0printf$2) refers to printf2.o(i._printf_core) for _printf_core
    printf2.o(i.__0printf$2) refers to usart.o(.text) for fputc
    printf2.o(i.__0printf$2) refers to usart.o(.data) for __stdout
    printf2.o(i.__0snprintf$2) refers to printf2.o(i._printf_core) for _printf_core
    printf2.o(i.__0snprintf$2) refers to printf2.o(i._snputc) for _snputc
    printf2.o(i.__0sprintf$2) refers to printf2.o(i._printf_core) for _printf_core
    printf2.o(i.__0sprintf$2) refers to printf2.o(i._sputc) for _sputc
    printf2.o(i.__0vfprintf$2) refers to printf2.o(i._printf_core) for _printf_core
    printf2.o(i.__0vfprintf$2) refers to usart.o(.text) for fputc
    printf2.o(i.__0vprintf$2) refers to printf2.o(i._printf_core) for _printf_core
    printf2.o(i.__0vprintf$2) refers to usart.o(.text) for fputc
    printf2.o(i.__0vprintf$2) refers to usart.o(.data) for __stdout
    printf2.o(i.__0vsnprintf$2) refers to printf2.o(i._printf_core) for _printf_core
    printf2.o(i.__0vsnprintf$2) refers to printf2.o(i._snputc) for _snputc
    printf2.o(i.__0vsprintf$2) refers to printf2.o(i._printf_core) for _printf_core
    printf2.o(i.__0vsprintf$2) refers to printf2.o(i._sputc) for _sputc
    printf3.o(i.__0fprintf$3) refers to printf3.o(i._printf_core) for _printf_core
    printf3.o(i.__0fprintf$3) refers to usart.o(.text) for fputc
    printf3.o(i.__0printf$3) refers to printf3.o(i._printf_core) for _printf_core
    printf3.o(i.__0printf$3) refers to usart.o(.text) for fputc
    printf3.o(i.__0printf$3) refers to usart.o(.data) for __stdout
    printf3.o(i.__0snprintf$3) refers to printf3.o(i._printf_core) for _printf_core
    printf3.o(i.__0snprintf$3) refers to printf3.o(i._snputc) for _snputc
    printf3.o(i.__0sprintf$3) refers to printf3.o(i._printf_core) for _printf_core
    printf3.o(i.__0sprintf$3) refers to printf3.o(i._sputc) for _sputc
    printf3.o(i.__0vfprintf$3) refers to printf3.o(i._printf_core) for _printf_core
    printf3.o(i.__0vfprintf$3) refers to usart.o(.text) for fputc
    printf3.o(i.__0vprintf$3) refers to printf3.o(i._printf_core) for _printf_core
    printf3.o(i.__0vprintf$3) refers to usart.o(.text) for fputc
    printf3.o(i.__0vprintf$3) refers to usart.o(.data) for __stdout
    printf3.o(i.__0vsnprintf$3) refers to printf3.o(i._printf_core) for _printf_core
    printf3.o(i.__0vsnprintf$3) refers to printf3.o(i._snputc) for _snputc
    printf3.o(i.__0vsprintf$3) refers to printf3.o(i._printf_core) for _printf_core
    printf3.o(i.__0vsprintf$3) refers to printf3.o(i._sputc) for _sputc
    printf3.o(i._printf_core) refers to uidiv.o(.text) for __aeabi_uidivmod
    printf4.o(i.__0fprintf$4) refers to printf4.o(i._printf_core) for _printf_core
    printf4.o(i.__0fprintf$4) refers to usart.o(.text) for fputc
    printf4.o(i.__0printf$4) refers to printf4.o(i._printf_core) for _printf_core
    printf4.o(i.__0printf$4) refers to usart.o(.text) for fputc
    printf4.o(i.__0printf$4) refers to usart.o(.data) for __stdout
    printf4.o(i.__0snprintf$4) refers to printf4.o(i._printf_core) for _printf_core
    printf4.o(i.__0snprintf$4) refers to printf4.o(i._snputc) for _snputc
    printf4.o(i.__0sprintf$4) refers to printf4.o(i._printf_core) for _printf_core
    printf4.o(i.__0sprintf$4) refers to printf4.o(i._sputc) for _sputc
    printf4.o(i.__0vfprintf$4) refers to printf4.o(i._printf_core) for _printf_core
    printf4.o(i.__0vfprintf$4) refers to usart.o(.text) for fputc
    printf4.o(i.__0vprintf$4) refers to printf4.o(i._printf_core) for _printf_core
    printf4.o(i.__0vprintf$4) refers to usart.o(.text) for fputc
    printf4.o(i.__0vprintf$4) refers to usart.o(.data) for __stdout
    printf4.o(i.__0vsnprintf$4) refers to printf4.o(i._printf_core) for _printf_core
    printf4.o(i.__0vsnprintf$4) refers to printf4.o(i._snputc) for _snputc
    printf4.o(i.__0vsprintf$4) refers to printf4.o(i._printf_core) for _printf_core
    printf4.o(i.__0vsprintf$4) refers to printf4.o(i._sputc) for _sputc
    printf4.o(i._printf_core) refers to uldiv.o(.text) for __aeabi_uldivmod
    printf5.o(i.__0fprintf$5) refers to printf5.o(i._printf_core) for _printf_core
    printf5.o(i.__0fprintf$5) refers to usart.o(.text) for fputc
    printf5.o(i.__0printf$5) refers to printf5.o(i._printf_core) for _printf_core
    printf5.o(i.__0printf$5) refers to usart.o(.text) for fputc
    printf5.o(i.__0printf$5) refers to usart.o(.data) for __stdout
    printf5.o(i.__0snprintf$5) refers to printf5.o(i._printf_core) for _printf_core
    printf5.o(i.__0snprintf$5) refers to printf5.o(i._snputc) for _snputc
    printf5.o(i.__0sprintf$5) refers to printf5.o(i._printf_core) for _printf_core
    printf5.o(i.__0sprintf$5) refers to printf5.o(i._sputc) for _sputc
    printf5.o(i.__0vfprintf$5) refers to printf5.o(i._printf_core) for _printf_core
    printf5.o(i.__0vfprintf$5) refers to usart.o(.text) for fputc
    printf5.o(i.__0vprintf$5) refers to printf5.o(i._printf_core) for _printf_core
    printf5.o(i.__0vprintf$5) refers to usart.o(.text) for fputc
    printf5.o(i.__0vprintf$5) refers to usart.o(.data) for __stdout
    printf5.o(i.__0vsnprintf$5) refers to printf5.o(i._printf_core) for _printf_core
    printf5.o(i.__0vsnprintf$5) refers to printf5.o(i._snputc) for _snputc
    printf5.o(i.__0vsprintf$5) refers to printf5.o(i._printf_core) for _printf_core
    printf5.o(i.__0vsprintf$5) refers to printf5.o(i._sputc) for _sputc
    printf5.o(i._printf_core) refers to uldiv.o(.text) for __aeabi_uldivmod
    printf6.o(i.__0fprintf$6) refers to printf6.o(i._printf_core) for _printf_core
    printf6.o(i.__0fprintf$6) refers to usart.o(.text) for fputc
    printf6.o(i.__0printf$6) refers to printf6.o(i._printf_core) for _printf_core
    printf6.o(i.__0printf$6) refers to usart.o(.text) for fputc
    printf6.o(i.__0printf$6) refers to usart.o(.data) for __stdout
    printf6.o(i.__0snprintf$6) refers to printf6.o(i._printf_core) for _printf_core
    printf6.o(i.__0snprintf$6) refers to printf6.o(i._snputc) for _snputc
    printf6.o(i.__0sprintf$6) refers to printf6.o(i._printf_core) for _printf_core
    printf6.o(i.__0sprintf$6) refers to printf6.o(i._sputc) for _sputc
    printf6.o(i.__0vfprintf$6) refers to printf6.o(i._printf_core) for _printf_core
    printf6.o(i.__0vfprintf$6) refers to usart.o(.text) for fputc
    printf6.o(i.__0vprintf$6) refers to printf6.o(i._printf_core) for _printf_core
    printf6.o(i.__0vprintf$6) refers to usart.o(.text) for fputc
    printf6.o(i.__0vprintf$6) refers to usart.o(.data) for __stdout
    printf6.o(i.__0vsnprintf$6) refers to printf6.o(i._printf_core) for _printf_core
    printf6.o(i.__0vsnprintf$6) refers to printf6.o(i._snputc) for _snputc
    printf6.o(i.__0vsprintf$6) refers to printf6.o(i._printf_core) for _printf_core
    printf6.o(i.__0vsprintf$6) refers to printf6.o(i._sputc) for _sputc
    printf6.o(i._printf_core) refers to printf6.o(i._printf_pre_padding) for _printf_pre_padding
    printf6.o(i._printf_core) refers to uidiv.o(.text) for __aeabi_uidivmod
    printf6.o(i._printf_core) refers to printf6.o(i._printf_post_padding) for _printf_post_padding
    printf7.o(i.__0fprintf$7) refers to printf7.o(i._printf_core) for _printf_core
    printf7.o(i.__0fprintf$7) refers to usart.o(.text) for fputc
    printf7.o(i.__0printf$7) refers to printf7.o(i._printf_core) for _printf_core
    printf7.o(i.__0printf$7) refers to usart.o(.text) for fputc
    printf7.o(i.__0printf$7) refers to usart.o(.data) for __stdout
    printf7.o(i.__0snprintf$7) refers to printf7.o(i._printf_core) for _printf_core
    printf7.o(i.__0snprintf$7) refers to printf7.o(i._snputc) for _snputc
    printf7.o(i.__0sprintf$7) refers to printf7.o(i._printf_core) for _printf_core
    printf7.o(i.__0sprintf$7) refers to printf7.o(i._sputc) for _sputc
    printf7.o(i.__0vfprintf$7) refers to printf7.o(i._printf_core) for _printf_core
    printf7.o(i.__0vfprintf$7) refers to usart.o(.text) for fputc
    printf7.o(i.__0vprintf$7) refers to printf7.o(i._printf_core) for _printf_core
    printf7.o(i.__0vprintf$7) refers to usart.o(.text) for fputc
    printf7.o(i.__0vprintf$7) refers to usart.o(.data) for __stdout
    printf7.o(i.__0vsnprintf$7) refers to printf7.o(i._printf_core) for _printf_core
    printf7.o(i.__0vsnprintf$7) refers to printf7.o(i._snputc) for _snputc
    printf7.o(i.__0vsprintf$7) refers to printf7.o(i._printf_core) for _printf_core
    printf7.o(i.__0vsprintf$7) refers to printf7.o(i._sputc) for _sputc
    printf7.o(i._printf_core) refers to printf7.o(i._printf_pre_padding) for _printf_pre_padding
    printf7.o(i._printf_core) refers to uldiv.o(.text) for __aeabi_uldivmod
    printf7.o(i._printf_core) refers to printf7.o(i._printf_post_padding) for _printf_post_padding
    printf8.o(i.__0fprintf$8) refers to printf8.o(i._printf_core) for _printf_core
    printf8.o(i.__0fprintf$8) refers to usart.o(.text) for fputc
    printf8.o(i.__0printf$8) refers to printf8.o(i._printf_core) for _printf_core
    printf8.o(i.__0printf$8) refers to usart.o(.text) for fputc
    printf8.o(i.__0printf$8) refers to usart.o(.data) for __stdout
    printf8.o(i.__0snprintf$8) refers to printf8.o(i._printf_core) for _printf_core
    printf8.o(i.__0snprintf$8) refers to printf8.o(i._snputc) for _snputc
    printf8.o(i.__0sprintf$8) refers to printf8.o(i._printf_core) for _printf_core
    printf8.o(i.__0sprintf$8) refers to printf8.o(i._sputc) for _sputc
    printf8.o(i.__0vfprintf$8) refers to printf8.o(i._printf_core) for _printf_core
    printf8.o(i.__0vfprintf$8) refers to usart.o(.text) for fputc
    printf8.o(i.__0vprintf$8) refers to printf8.o(i._printf_core) for _printf_core
    printf8.o(i.__0vprintf$8) refers to usart.o(.text) for fputc
    printf8.o(i.__0vprintf$8) refers to usart.o(.data) for __stdout
    printf8.o(i.__0vsnprintf$8) refers to printf8.o(i._printf_core) for _printf_core
    printf8.o(i.__0vsnprintf$8) refers to printf8.o(i._snputc) for _snputc
    printf8.o(i.__0vsprintf$8) refers to printf8.o(i._printf_core) for _printf_core
    printf8.o(i.__0vsprintf$8) refers to printf8.o(i._sputc) for _sputc
    printf8.o(i._printf_core) refers to printf8.o(i._printf_pre_padding) for _printf_pre_padding
    printf8.o(i._printf_core) refers to uldiv.o(.text) for __aeabi_uldivmod
    printf8.o(i._printf_core) refers to printf8.o(i._printf_post_padding) for _printf_post_padding
    printfa.o(i.__0fprintf) refers (Special) to iusefp.o(.text) for __I$use$fp
    printfa.o(i.__0fprintf) refers to printfa.o(i._printf_core) for _printf_core
    printfa.o(i.__0fprintf) refers to usart.o(.text) for fputc
    printfa.o(i.__0printf) refers (Special) to iusefp.o(.text) for __I$use$fp
    printfa.o(i.__0printf) refers to printfa.o(i._printf_core) for _printf_core
    printfa.o(i.__0printf) refers to usart.o(.text) for fputc
    printfa.o(i.__0printf) refers to usart.o(.data) for __stdout
    printfa.o(i.__0snprintf) refers (Special) to iusefp.o(.text) for __I$use$fp
    printfa.o(i.__0snprintf) refers to printfa.o(i._printf_core) for _printf_core
    printfa.o(i.__0snprintf) refers to printfa.o(i._snputc) for _snputc
    printfa.o(i.__0sprintf) refers (Special) to iusefp.o(.text) for __I$use$fp
    printfa.o(i.__0sprintf) refers to printfa.o(i._printf_core) for _printf_core
    printfa.o(i.__0sprintf) refers to printfa.o(i._sputc) for _sputc
    printfa.o(i.__0vfprintf) refers (Special) to iusefp.o(.text) for __I$use$fp
    printfa.o(i.__0vfprintf) refers to printfa.o(i._printf_core) for _printf_core
    printfa.o(i.__0vfprintf) refers to usart.o(.text) for fputc
    printfa.o(i.__0vprintf) refers (Special) to iusefp.o(.text) for __I$use$fp
    printfa.o(i.__0vprintf) refers to printfa.o(i._printf_core) for _printf_core
    printfa.o(i.__0vprintf) refers to usart.o(.text) for fputc
    printfa.o(i.__0vprintf) refers to usart.o(.data) for __stdout
    printfa.o(i.__0vsnprintf) refers (Special) to iusefp.o(.text) for __I$use$fp
    printfa.o(i.__0vsnprintf) refers to printfa.o(i._printf_core) for _printf_core
    printfa.o(i.__0vsnprintf) refers to printfa.o(i._snputc) for _snputc
    printfa.o(i.__0vsprintf) refers (Special) to iusefp.o(.text) for __I$use$fp
    printfa.o(i.__0vsprintf) refers to printfa.o(i._printf_core) for _printf_core
    printfa.o(i.__0vsprintf) refers to printfa.o(i._sputc) for _sputc
    printfa.o(i._fp_digits) refers (Special) to iusefp.o(.text) for __I$use$fp
    printfa.o(i._fp_digits) refers to dmul.o(.text) for __aeabi_dmul
    printfa.o(i._fp_digits) refers to ddiv.o(.text) for __aeabi_ddiv
    printfa.o(i._fp_digits) refers to cdrcmple.o(.text) for __aeabi_cdrcmple
    printfa.o(i._fp_digits) refers to dadd.o(.text) for __aeabi_dadd
    printfa.o(i._fp_digits) refers to dfixul.o(.text) for __aeabi_d2ulz
    printfa.o(i._fp_digits) refers to uldiv.o(.text) for __aeabi_uldivmod
    printfa.o(i._printf_core) refers (Special) to iusefp.o(.text) for __I$use$fp
    printfa.o(i._printf_core) refers to printfa.o(i._printf_pre_padding) for _printf_pre_padding
    printfa.o(i._printf_core) refers to uldiv.o(.text) for __aeabi_uldivmod
    printfa.o(i._printf_core) refers to printfa.o(i._printf_post_padding) for _printf_post_padding
    printfa.o(i._printf_core) refers to printfa.o(i._fp_digits) for _fp_digits
    printfa.o(i._printf_core) refers to uidiv.o(.text) for __aeabi_uidivmod
    printfa.o(i._printf_post_padding) refers (Special) to iusefp.o(.text) for __I$use$fp
    printfa.o(i._printf_pre_padding) refers (Special) to iusefp.o(.text) for __I$use$fp
    printfa.o(i._snputc) refers (Special) to iusefp.o(.text) for __I$use$fp
    printfa.o(i._sputc) refers (Special) to iusefp.o(.text) for __I$use$fp
    fadd.o(.text) refers (Special) to iusefp.o(.text) for __I$use$fp
    fadd.o(.text) refers to fepilogue.o(.text) for _float_epilogue
    fmul.o(.text) refers (Special) to iusefp.o(.text) for __I$use$fp
    fdiv.o(.text) refers (Special) to iusefp.o(.text) for __I$use$fp
    fdiv.o(.text) refers to fepilogue.o(.text) for _float_round
    fflti.o(.text) refers (Special) to iusefp.o(.text) for __I$use$fp
    fflti.o(.text) refers to fepilogue.o(.text) for _float_epilogue
    ffltui.o(.text) refers (Special) to iusefp.o(.text) for __I$use$fp
    ffltui.o(.text) refers to fepilogue.o(.text) for _float_epilogue
    ffixi.o(.text) refers (Special) to iusefp.o(.text) for __I$use$fp
    ffixui.o(.text) refers (Special) to iusefp.o(.text) for __I$use$fp
    f2d.o(.text) refers (Special) to iusefp.o(.text) for __I$use$fp
    cfcmple.o(.text) refers (Special) to iusefp.o(.text) for __I$use$fp
    cfrcmple.o(.text) refers (Special) to iusefp.o(.text) for __I$use$fp
    entry2.o(.ARM.Collect$$$$00000001) refers to entry2.o(.ARM.Collect$$$$00002712) for __lit__00000000
    entry2.o(.ARM.Collect$$$$00002712) refers to startup_stm32f10x_hd.o(STACK) for __initial_sp
    entry2.o(__vectab_stack_and_reset_area) refers to startup_stm32f10x_hd.o(STACK) for __initial_sp
    entry2.o(__vectab_stack_and_reset_area) refers to entry.o(.ARM.Collect$$$$00000000) for __main
    entry5.o(.ARM.Collect$$$$00000004) refers to init.o(.text) for __scatterload
    entry9a.o(.ARM.Collect$$$$0000000B) refers to main.o(.text) for main
    entry9b.o(.ARM.Collect$$$$0000000C) refers to main.o(.text) for main
    uldiv.o(.text) refers to llushr.o(.text) for __aeabi_llsr
    uldiv.o(.text) refers to llshl.o(.text) for __aeabi_llsl
    dadd.o(.text) refers to llshl.o(.text) for __aeabi_llsl
    dadd.o(.text) refers to llsshr.o(.text) for __aeabi_lasr
    dadd.o(.text) refers to depilogue.o(.text) for _double_epilogue
    dmul.o(.text) refers to depilogue.o(.text) for _double_epilogue
    ddiv.o(.text) refers to depilogue.o(.text) for _double_round
    dfixul.o(.text) refers to llushr.o(.text) for __aeabi_llsr
    dfixul.o(.text) refers to llshl.o(.text) for __aeabi_llsl
    init.o(.text) refers to entry5.o(.ARM.Collect$$$$00000004) for __main_after_scatterload
    depilogue.o(.text) refers to llshl.o(.text) for __aeabi_llsl
    depilogue.o(.text) refers to llushr.o(.text) for __aeabi_llsr


==============================================================================

Removing Unused input sections from the image.

    Removing main.o(.rev16_text), (4 bytes).
    Removing main.o(.revsh_text), (4 bytes).
    Removing main.o(.rrx_text), (6 bytes).
    Removing stm32f10x_it.o(.rev16_text), (4 bytes).
    Removing stm32f10x_it.o(.revsh_text), (4 bytes).
    Removing stm32f10x_it.o(.rrx_text), (6 bytes).
    Removing led.o(.rev16_text), (4 bytes).
    Removing led.o(.revsh_text), (4 bytes).
    Removing led.o(.rrx_text), (6 bytes).
    Removing peripheralinit.o(.rev16_text), (4 bytes).
    Removing peripheralinit.o(.revsh_text), (4 bytes).
    Removing peripheralinit.o(.rrx_text), (6 bytes).
    Removing delay.o(.rev16_text), (4 bytes).
    Removing delay.o(.revsh_text), (4 bytes).
    Removing delay.o(.rrx_text), (6 bytes).
    Removing lze_lcd.o(.rev16_text), (4 bytes).
    Removing lze_lcd.o(.revsh_text), (4 bytes).
    Removing lze_lcd.o(.rrx_text), (6 bytes).
    Removing lze_lcd.o(.text), (4580 bytes).
    Removing lze_lcd.o(.bss), (16 bytes).
    Removing lze_lcd.o(.constdata), (19780 bytes).
    Removing lze_lcd.o(.data), (76 bytes).
    Removing usart.o(.rev16_text), (4 bytes).
    Removing usart.o(.revsh_text), (4 bytes).
    Removing usart.o(.rrx_text), (6 bytes).
    Removing usart.o(.bss), (200 bytes).
    Removing ads1292.o(.rev16_text), (4 bytes).
    Removing ads1292.o(.revsh_text), (4 bytes).
    Removing ads1292.o(.rrx_text), (6 bytes).
    Removing spi.o(.rev16_text), (4 bytes).
    Removing spi.o(.revsh_text), (4 bytes).
    Removing spi.o(.rrx_text), (6 bytes).
    Removing extinterrupt.o(.rev16_text), (4 bytes).
    Removing extinterrupt.o(.revsh_text), (4 bytes).
    Removing extinterrupt.o(.rrx_text), (6 bytes).
    Removing max30102.o(.rev16_text), (4 bytes).
    Removing max30102.o(.revsh_text), (4 bytes).
    Removing max30102.o(.rrx_text), (6 bytes).
    Removing oled.o(.rev16_text), (4 bytes).
    Removing oled.o(.revsh_text), (4 bytes).
    Removing oled.o(.rrx_text), (6 bytes).
    Removing misc.o(.rev16_text), (4 bytes).
    Removing misc.o(.revsh_text), (4 bytes).
    Removing misc.o(.rrx_text), (6 bytes).
    Removing stm32f10x_rcc.o(.rev16_text), (4 bytes).
    Removing stm32f10x_rcc.o(.revsh_text), (4 bytes).
    Removing stm32f10x_rcc.o(.rrx_text), (6 bytes).
    Removing stm32f10x_gpio.o(.rev16_text), (4 bytes).
    Removing stm32f10x_gpio.o(.revsh_text), (4 bytes).
    Removing stm32f10x_gpio.o(.rrx_text), (6 bytes).
    Removing stm32f10x_exti.o(.rev16_text), (4 bytes).
    Removing stm32f10x_exti.o(.revsh_text), (4 bytes).
    Removing stm32f10x_exti.o(.rrx_text), (6 bytes).
    Removing stm32f10x_tim.o(.rev16_text), (4 bytes).
    Removing stm32f10x_tim.o(.revsh_text), (4 bytes).
    Removing stm32f10x_tim.o(.rrx_text), (6 bytes).
    Removing stm32f10x_tim.o(.text), (3610 bytes).
    Removing stm32f10x_fsmc.o(.rev16_text), (4 bytes).
    Removing stm32f10x_fsmc.o(.revsh_text), (4 bytes).
    Removing stm32f10x_fsmc.o(.rrx_text), (6 bytes).
    Removing stm32f10x_fsmc.o(.text), (1548 bytes).
    Removing stm32f10x_spi.o(.rev16_text), (4 bytes).
    Removing stm32f10x_spi.o(.revsh_text), (4 bytes).
    Removing stm32f10x_spi.o(.rrx_text), (6 bytes).
    Removing stm32f10x_usart.o(.rev16_text), (4 bytes).
    Removing stm32f10x_usart.o(.revsh_text), (4 bytes).
    Removing stm32f10x_usart.o(.rrx_text), (6 bytes).
    Removing core_cm3.o(.emb_text), (32 bytes).
    Removing system_stm32f10x.o(.rev16_text), (4 bytes).
    Removing system_stm32f10x.o(.revsh_text), (4 bytes).
    Removing system_stm32f10x.o(.rrx_text), (6 bytes).
    Removing startup_stm32f10x_hd.o(HEAP), (512 bytes).
    Removing arm_fir_f32.o(.rev16_text), (4 bytes).
    Removing arm_fir_f32.o(.revsh_text), (4 bytes).
    Removing arm_fir_f32.o(.rrx_text), (6 bytes).
    Removing arm_fir_init_f32.o(.rev16_text), (4 bytes).
    Removing arm_fir_init_f32.o(.revsh_text), (4 bytes).
    Removing arm_fir_init_f32.o(.rrx_text), (6 bytes).

78 unused section(s) (total 30676 bytes) removed from the image.

==============================================================================

Image Symbol Table

    Local Symbols

    Symbol Name                              Value     Ov Type        Size  Object(Section)

    ../clib/microlib/division.c              0x00000000   Number         0  uldiv.o ABSOLUTE
    ../clib/microlib/division.c              0x00000000   Number         0  uidiv.o ABSOLUTE
    ../clib/microlib/init/entry.s            0x00000000   Number         0  entry7a.o ABSOLUTE
    ../clib/microlib/init/entry.s            0x00000000   Number         0  entry5.o ABSOLUTE
    ../clib/microlib/init/entry.s            0x00000000   Number         0  entry11b.o ABSOLUTE
    ../clib/microlib/init/entry.s            0x00000000   Number         0  entry2.o ABSOLUTE
    ../clib/microlib/init/entry.s            0x00000000   Number         0  entry7b.o ABSOLUTE
    ../clib/microlib/init/entry.s            0x00000000   Number         0  entry11a.o ABSOLUTE
    ../clib/microlib/init/entry.s            0x00000000   Number         0  entry.o ABSOLUTE
    ../clib/microlib/init/entry.s            0x00000000   Number         0  entry10b.o ABSOLUTE
    ../clib/microlib/init/entry.s            0x00000000   Number         0  entry10a.o ABSOLUTE
    ../clib/microlib/init/entry.s            0x00000000   Number         0  entry9b.o ABSOLUTE
    ../clib/microlib/init/entry.s            0x00000000   Number         0  entry8b.o ABSOLUTE
    ../clib/microlib/init/entry.s            0x00000000   Number         0  entry9a.o ABSOLUTE
    ../clib/microlib/init/entry.s            0x00000000   Number         0  entry8a.o ABSOLUTE
    ../clib/microlib/longlong.c              0x00000000   Number         0  llsshr.o ABSOLUTE
    ../clib/microlib/longlong.c              0x00000000   Number         0  llushr.o ABSOLUTE
    ../clib/microlib/longlong.c              0x00000000   Number         0  llshl.o ABSOLUTE
    ../clib/microlib/printf/printf.c         0x00000000   Number         0  printfb.o ABSOLUTE
    ../clib/microlib/printf/printf.c         0x00000000   Number         0  printf3.o ABSOLUTE
    ../clib/microlib/printf/printf.c         0x00000000   Number         0  printf2.o ABSOLUTE
    ../clib/microlib/printf/printf.c         0x00000000   Number         0  printf0.o ABSOLUTE
    ../clib/microlib/printf/printf.c         0x00000000   Number         0  printf4.o ABSOLUTE
    ../clib/microlib/printf/printf.c         0x00000000   Number         0  printf5.o ABSOLUTE
    ../clib/microlib/printf/printf.c         0x00000000   Number         0  printf6.o ABSOLUTE
    ../clib/microlib/printf/printf.c         0x00000000   Number         0  printf7.o ABSOLUTE
    ../clib/microlib/printf/printf.c         0x00000000   Number         0  printfa.o ABSOLUTE
    ../clib/microlib/printf/printf.c         0x00000000   Number         0  printf8.o ABSOLUTE
    ../clib/microlib/printf/printf.c         0x00000000   Number         0  printf1.o ABSOLUTE
    ../clib/microlib/printf/stubs.s          0x00000000   Number         0  stubs.o ABSOLUTE
    ../clib/microlib/string/memset.c         0x00000000   Number         0  memseta.o ABSOLUTE
    ../clib/microlib/string/strncpy.c        0x00000000   Number         0  strncpy.o ABSOLUTE
    ../clib/microlib/stubs.s                 0x00000000   Number         0  useno.o ABSOLUTE
    ../clib/microlib/stubs.s                 0x00000000   Number         0  iusefp.o ABSOLUTE
    ../fplib/microlib/f2d.c                  0x00000000   Number         0  f2d.o ABSOLUTE
    ../fplib/microlib/fpadd.c                0x00000000   Number         0  fadd.o ABSOLUTE
    ../fplib/microlib/fpadd.c                0x00000000   Number         0  dadd.o ABSOLUTE
    ../fplib/microlib/fpdiv.c                0x00000000   Number         0  fdiv.o ABSOLUTE
    ../fplib/microlib/fpdiv.c                0x00000000   Number         0  ddiv.o ABSOLUTE
    ../fplib/microlib/fpepilogue.c           0x00000000   Number         0  depilogue.o ABSOLUTE
    ../fplib/microlib/fpepilogue.c           0x00000000   Number         0  fepilogue.o ABSOLUTE
    ../fplib/microlib/fpfix.c                0x00000000   Number         0  ffixi.o ABSOLUTE
    ../fplib/microlib/fpfix.c                0x00000000   Number         0  dfixul.o ABSOLUTE
    ../fplib/microlib/fpfix.c                0x00000000   Number         0  ffixui.o ABSOLUTE
    ../fplib/microlib/fpflt.c                0x00000000   Number         0  ffltui.o ABSOLUTE
    ../fplib/microlib/fpflt.c                0x00000000   Number         0  fflti.o ABSOLUTE
    ../fplib/microlib/fpmul.c                0x00000000   Number         0  dmul.o ABSOLUTE
    ../fplib/microlib/fpmul.c                0x00000000   Number         0  fmul.o ABSOLUTE
    ..\..\Source\FilteringFunctions\arm_fir_f32.c 0x00000000   Number         0  arm_fir_f32.o ABSOLUTE
    ..\..\Source\FilteringFunctions\arm_fir_init_f32.c 0x00000000   Number         0  arm_fir_init_f32.o ABSOLUTE
    ..\CMSIS\CoreSupport\core_cm3.c          0x00000000   Number         0  core_cm3.o ABSOLUTE
    ..\CMSIS\DeviceSupport\STM32F10x\startup_stm32f10x_hd.s 0x00000000   Number         0  startup_stm32f10x_hd.o ABSOLUTE
    ..\CMSIS\DeviceSupport\STM32F10x\system_stm32f10x.c 0x00000000   Number         0  system_stm32f10x.o ABSOLUTE
    ..\STM32F10x_StdPeriph_Driver\src\misc.c 0x00000000   Number         0  misc.o ABSOLUTE
    ..\STM32F10x_StdPeriph_Driver\src\stm32f10x_exti.c 0x00000000   Number         0  stm32f10x_exti.o ABSOLUTE
    ..\STM32F10x_StdPeriph_Driver\src\stm32f10x_fsmc.c 0x00000000   Number         0  stm32f10x_fsmc.o ABSOLUTE
    ..\STM32F10x_StdPeriph_Driver\src\stm32f10x_gpio.c 0x00000000   Number         0  stm32f10x_gpio.o ABSOLUTE
    ..\STM32F10x_StdPeriph_Driver\src\stm32f10x_rcc.c 0x00000000   Number         0  stm32f10x_rcc.o ABSOLUTE
    ..\STM32F10x_StdPeriph_Driver\src\stm32f10x_spi.c 0x00000000   Number         0  stm32f10x_spi.o ABSOLUTE
    ..\STM32F10x_StdPeriph_Driver\src\stm32f10x_tim.c 0x00000000   Number         0  stm32f10x_tim.o ABSOLUTE
    ..\STM32F10x_StdPeriph_Driver\src\stm32f10x_usart.c 0x00000000   Number         0  stm32f10x_usart.o ABSOLUTE
    ..\User\ADS1292.c                        0x00000000   Number         0  ads1292.o ABSOLUTE
    ..\User\Delay.c                          0x00000000   Number         0  delay.o ABSOLUTE
    ..\User\EXTInterrupt.c                   0x00000000   Number         0  extinterrupt.o ABSOLUTE
    ..\User\LED.c                            0x00000000   Number         0  led.o ABSOLUTE
    ..\User\PeripheralInit.c                 0x00000000   Number         0  peripheralinit.o ABSOLUTE
    ..\User\lze_lcd.c                        0x00000000   Number         0  lze_lcd.o ABSOLUTE
    ..\User\main.c                           0x00000000   Number         0  main.o ABSOLUTE
    ..\User\spi.c                            0x00000000   Number         0  spi.o ABSOLUTE
    ..\User\stm32f10x_it.c                   0x00000000   Number         0  stm32f10x_it.o ABSOLUTE
    ..\User\usart.c                          0x00000000   Number         0  usart.o ABSOLUTE
    ..\\..\\Source\\FilteringFunctions\\arm_fir_f32.c 0x00000000   Number         0  arm_fir_f32.o ABSOLUTE
    ..\\..\\Source\\FilteringFunctions\\arm_fir_init_f32.c 0x00000000   Number         0  arm_fir_init_f32.o ABSOLUTE
    ..\\CMSIS\\CoreSupport\\core_cm3.c       0x00000000   Number         0  core_cm3.o ABSOLUTE
    ..\\CMSIS\\DeviceSupport\\STM32F10x\\system_stm32f10x.c 0x00000000   Number         0  system_stm32f10x.o ABSOLUTE
    ..\\STM32F10x_StdPeriph_Driver\\src\\misc.c 0x00000000   Number         0  misc.o ABSOLUTE
    ..\\STM32F10x_StdPeriph_Driver\\src\\stm32f10x_exti.c 0x00000000   Number         0  stm32f10x_exti.o ABSOLUTE
    ..\\STM32F10x_StdPeriph_Driver\\src\\stm32f10x_fsmc.c 0x00000000   Number         0  stm32f10x_fsmc.o ABSOLUTE
    ..\\STM32F10x_StdPeriph_Driver\\src\\stm32f10x_gpio.c 0x00000000   Number         0  stm32f10x_gpio.o ABSOLUTE
    ..\\STM32F10x_StdPeriph_Driver\\src\\stm32f10x_rcc.c 0x00000000   Number         0  stm32f10x_rcc.o ABSOLUTE
    ..\\STM32F10x_StdPeriph_Driver\\src\\stm32f10x_spi.c 0x00000000   Number         0  stm32f10x_spi.o ABSOLUTE
    ..\\STM32F10x_StdPeriph_Driver\\src\\stm32f10x_tim.c 0x00000000   Number         0  stm32f10x_tim.o ABSOLUTE
    ..\\STM32F10x_StdPeriph_Driver\\src\\stm32f10x_usart.c 0x00000000   Number         0  stm32f10x_usart.o ABSOLUTE
    ..\\User\\ADS1292.c                      0x00000000   Number         0  ads1292.o ABSOLUTE
    ..\\User\\Delay.c                        0x00000000   Number         0  delay.o ABSOLUTE
    ..\\User\\EXTInterrupt.c                 0x00000000   Number         0  extinterrupt.o ABSOLUTE
    ..\\User\\LED.c                          0x00000000   Number         0  led.o ABSOLUTE
    ..\\User\\PeripheralInit.c               0x00000000   Number         0  peripheralinit.o ABSOLUTE
    ..\\User\\lze_lcd.c                      0x00000000   Number         0  lze_lcd.o ABSOLUTE
    ..\\User\\main.c                         0x00000000   Number         0  main.o ABSOLUTE
    ..\\User\\spi.c                          0x00000000   Number         0  spi.o ABSOLUTE
    ..\\User\\stm32f10x_it.c                 0x00000000   Number         0  stm32f10x_it.o ABSOLUTE
    ..\\User\\usart.c                        0x00000000   Number         0  usart.o ABSOLUTE
    User\MAx30102.c                          0x00000000   Number         0  max30102.o ABSOLUTE
    User\OLED.c                              0x00000000   Number         0  oled.o ABSOLUTE
    User\\MAx30102.c                         0x00000000   Number         0  max30102.o ABSOLUTE
    User\\OLED.c                             0x00000000   Number         0  oled.o ABSOLUTE
    cdrcmple.s                               0x00000000   Number         0  cdrcmple.o ABSOLUTE
    cfcmple.s                                0x00000000   Number         0  cfcmple.o ABSOLUTE
    cfrcmple.s                               0x00000000   Number         0  cfrcmple.o ABSOLUTE
    dc.s                                     0x00000000   Number         0  dc.o ABSOLUTE
    handlers.s                               0x00000000   Number         0  handlers.o ABSOLUTE
    init.s                                   0x00000000   Number         0  init.o ABSOLUTE
    RESET                                    0x08000000   Section      304  startup_stm32f10x_hd.o(RESET)
    .ARM.Collect$$$$00000000                 0x08000130   Section        0  entry.o(.ARM.Collect$$$$00000000)
    .ARM.Collect$$$$00000001                 0x08000130   Section        4  entry2.o(.ARM.Collect$$$$00000001)
    .ARM.Collect$$$$00000004                 0x08000134   Section        4  entry5.o(.ARM.Collect$$$$00000004)
    .ARM.Collect$$$$00000008                 0x08000138   Section        0  entry7b.o(.ARM.Collect$$$$00000008)
    .ARM.Collect$$$$0000000A                 0x08000138   Section        0  entry8b.o(.ARM.Collect$$$$0000000A)
    .ARM.Collect$$$$0000000B                 0x08000138   Section        8  entry9a.o(.ARM.Collect$$$$0000000B)
    .ARM.Collect$$$$0000000D                 0x08000140   Section        0  entry10a.o(.ARM.Collect$$$$0000000D)
    .ARM.Collect$$$$0000000F                 0x08000140   Section        0  entry11a.o(.ARM.Collect$$$$0000000F)
    .ARM.Collect$$$$00002712                 0x08000140   Section        4  entry2.o(.ARM.Collect$$$$00002712)
    __lit__00000000                          0x08000140   Data           4  entry2.o(.ARM.Collect$$$$00002712)
    .text                                    0x08000144   Section        0  main.o(.text)
    .text                                    0x08000ad0   Section        0  stm32f10x_it.o(.text)
    .text                                    0x08000b88   Section        0  led.o(.text)
    .text                                    0x08000bc4   Section        0  peripheralinit.o(.text)
    .text                                    0x08000bea   Section        0  delay.o(.text)
    .text                                    0x08000d14   Section        0  usart.o(.text)
    .text                                    0x08000e44   Section        0  ads1292.o(.text)
    .text                                    0x080010b0   Section        0  spi.o(.text)
    .text                                    0x08001174   Section        0  extinterrupt.o(.text)
    .text                                    0x080011fc   Section        0  max30102.o(.text)
    .text                                    0x08001202   Section        0  oled.o(.text)
    .text                                    0x0800120c   Section        0  misc.o(.text)
    .text                                    0x080012e8   Section        0  stm32f10x_rcc.o(.text)
    .text                                    0x0800168c   Section        0  stm32f10x_gpio.o(.text)
    .text                                    0x080019e8   Section        0  stm32f10x_exti.o(.text)
    .text                                    0x08001b04   Section        0  stm32f10x_spi.o(.text)
    .text                                    0x08001e10   Section        0  stm32f10x_usart.o(.text)
    .text                                    0x08002218   Section        0  system_stm32f10x.o(.text)
    SetSysClockTo72                          0x08002219   Thumb Code   214  system_stm32f10x.o(.text)
    SetSysClock                              0x080022ef   Thumb Code     8  system_stm32f10x.o(.text)
    .text                                    0x080023f8   Section       36  startup_stm32f10x_hd.o(.text)
    .text                                    0x0800241c   Section        0  arm_fir_f32.o(.text)
    .text                                    0x08002cfe   Section        0  arm_fir_init_f32.o(.text)
    .text                                    0x08002d1a   Section        0  memseta.o(.text)
    .text                                    0x08002d3e   Section        0  strncpy.o(.text)
    .text                                    0x08002d56   Section        0  fadd.o(.text)
    .text                                    0x08002e06   Section        0  fmul.o(.text)
    .text                                    0x08002e6a   Section        0  fdiv.o(.text)
    .text                                    0x08002ee6   Section        0  fflti.o(.text)
    .text                                    0x08002ef8   Section        0  ffltui.o(.text)
    .text                                    0x08002f02   Section        0  ffixi.o(.text)
    .text                                    0x08002f34   Section        0  ffixui.o(.text)
    .text                                    0x08002f5c   Section        0  f2d.o(.text)
    .text                                    0x08002f84   Section       20  cfcmple.o(.text)
    .text                                    0x08002f98   Section       20  cfrcmple.o(.text)
    .text                                    0x08002fac   Section        0  uidiv.o(.text)
    .text                                    0x08002fd8   Section        0  uldiv.o(.text)
    .text                                    0x0800303a   Section        0  fepilogue.o(.text)
    .text                                    0x0800303a   Section        0  iusefp.o(.text)
    .text                                    0x080030a8   Section        0  dadd.o(.text)
    .text                                    0x080031f6   Section        0  dmul.o(.text)
    .text                                    0x080032da   Section        0  ddiv.o(.text)
    .text                                    0x080033b8   Section        0  dfixul.o(.text)
    .text                                    0x080033e8   Section       48  cdrcmple.o(.text)
    .text                                    0x08003418   Section       36  init.o(.text)
    .text                                    0x0800343c   Section        0  llshl.o(.text)
    .text                                    0x0800345a   Section        0  llushr.o(.text)
    .text                                    0x0800347a   Section        0  llsshr.o(.text)
    .text                                    0x0800349e   Section        0  depilogue.o(.text)
    i.__0printf                              0x08003558   Section        0  printfa.o(i.__0printf)
    i.__scatterload_copy                     0x08003578   Section       14  handlers.o(i.__scatterload_copy)
    i.__scatterload_null                     0x08003586   Section        2  handlers.o(i.__scatterload_null)
    i.__scatterload_zeroinit                 0x08003588   Section       14  handlers.o(i.__scatterload_zeroinit)
    i._fp_digits                             0x08003598   Section        0  printfa.o(i._fp_digits)
    _fp_digits                               0x08003599   Thumb Code   366  printfa.o(i._fp_digits)
    i._printf_core                           0x0800371c   Section        0  printfa.o(i._printf_core)
    _printf_core                             0x0800371d   Thumb Code  1744  printfa.o(i._printf_core)
    i._printf_post_padding                   0x08003df8   Section        0  printfa.o(i._printf_post_padding)
    _printf_post_padding                     0x08003df9   Thumb Code    36  printfa.o(i._printf_post_padding)
    i._printf_pre_padding                    0x08003e1c   Section        0  printfa.o(i._printf_pre_padding)
    _printf_pre_padding                      0x08003e1d   Thumb Code    46  printfa.o(i._printf_pre_padding)
    .constdata                               0x08003e4c   Section     1040  main.o(.constdata)
    .conststring                             0x0800425c   Section      165  main.o(.conststring)
    .data                                    0x20000000   Section      144  main.o(.data)
    .data                                    0x20000090   Section        6  usart.o(.data)
    .data                                    0x20000096   Section       20  stm32f10x_rcc.o(.data)
    APBAHBPrescTable                         0x20000096   Data          16  stm32f10x_rcc.o(.data)
    ADCPrescTable                            0x200000a6   Data           4  stm32f10x_rcc.o(.data)
    .data                                    0x200000ac   Section       20  system_stm32f10x.o(.data)
    .bss                                     0x200000c0   Section     5244  main.o(.bss)
    .bss                                     0x2000153c   Section       18  spi.o(.bss)
    STACK                                    0x20001550   Section     1024  startup_stm32f10x_hd.o(STACK)

    Global Symbols

    Symbol Name                              Value     Ov Type        Size  Object(Section)

    BuildAttributes$$THM_ISAv4$P$D$K$B$S$PE$A:L22UL41UL21$X:L11$S22US41US21$IEEE1$IW$USESV6$~STKCKD$USESV7$~SHL$OTIME$ROPI$EBA8$MICROLIB$REQ8$PRES8$EABIv2 0x00000000   Number         0  anon$$obj.o ABSOLUTE
    __ARM_use_no_argv                        0x00000000   Number         0  main.o ABSOLUTE
    __use_no_errno                           0x00000000   Number         0  useno.o ABSOLUTE
    __use_no_exception_handling              0x00000000   Number         0  useno.o ABSOLUTE
    __use_no_fp                              0x00000000   Number         0  useno.o ABSOLUTE
    __use_no_heap                            0x00000000   Number         0  useno.o ABSOLUTE
    __use_no_heap_region                     0x00000000   Number         0  useno.o ABSOLUTE
    __use_no_semihosting                     0x00000000   Number         0  useno.o ABSOLUTE
    __use_no_semihosting_swi                 0x00000000   Number         0  useno.o ABSOLUTE
    __use_no_signal_handling                 0x00000000   Number         0  useno.o ABSOLUTE
    _printf_a                                0x00000000   Number         0  stubs.o ABSOLUTE
    _printf_c                                0x00000000   Number         0  stubs.o ABSOLUTE
    _printf_charcount                        0x00000000   Number         0  stubs.o ABSOLUTE
    _printf_d                                0x00000000   Number         0  stubs.o ABSOLUTE
    _printf_e                                0x00000000   Number         0  stubs.o ABSOLUTE
    _printf_f                                0x00000000   Number         0  stubs.o ABSOLUTE
    _printf_flags                            0x00000000   Number         0  stubs.o ABSOLUTE
    _printf_fp_dec                           0x00000000   Number         0  stubs.o ABSOLUTE
    _printf_fp_hex                           0x00000000   Number         0  stubs.o ABSOLUTE
    _printf_g                                0x00000000   Number         0  stubs.o ABSOLUTE
    _printf_i                                0x00000000   Number         0  stubs.o ABSOLUTE
    _printf_int_dec                          0x00000000   Number         0  stubs.o ABSOLUTE
    _printf_l                                0x00000000   Number         0  stubs.o ABSOLUTE
    _printf_lc                               0x00000000   Number         0  stubs.o ABSOLUTE
    _printf_ll                               0x00000000   Number         0  stubs.o ABSOLUTE
    _printf_lld                              0x00000000   Number         0  stubs.o ABSOLUTE
    _printf_lli                              0x00000000   Number         0  stubs.o ABSOLUTE
    _printf_llo                              0x00000000   Number         0  stubs.o ABSOLUTE
    _printf_llu                              0x00000000   Number         0  stubs.o ABSOLUTE
    _printf_llx                              0x00000000   Number         0  stubs.o ABSOLUTE
    _printf_longlong_dec                     0x00000000   Number         0  stubs.o ABSOLUTE
    _printf_longlong_hex                     0x00000000   Number         0  stubs.o ABSOLUTE
    _printf_longlong_oct                     0x00000000   Number         0  stubs.o ABSOLUTE
    _printf_ls                               0x00000000   Number         0  stubs.o ABSOLUTE
    _printf_mbtowc                           0x00000000   Number         0  stubs.o ABSOLUTE
    _printf_n                                0x00000000   Number         0  stubs.o ABSOLUTE
    _printf_o                                0x00000000   Number         0  stubs.o ABSOLUTE
    _printf_p                                0x00000000   Number         0  stubs.o ABSOLUTE
    _printf_percent                          0x00000000   Number         0  stubs.o ABSOLUTE
    _printf_pre_padding                      0x00000000   Number         0  stubs.o ABSOLUTE
    _printf_return_value                     0x00000000   Number         0  stubs.o ABSOLUTE
    _printf_s                                0x00000000   Number         0  stubs.o ABSOLUTE
    _printf_sizespec                         0x00000000   Number         0  stubs.o ABSOLUTE
    _printf_str                              0x00000000   Number         0  stubs.o ABSOLUTE
    _printf_truncate_signed                  0x00000000   Number         0  stubs.o ABSOLUTE
    _printf_truncate_unsigned                0x00000000   Number         0  stubs.o ABSOLUTE
    _printf_u                                0x00000000   Number         0  stubs.o ABSOLUTE
    _printf_wc                               0x00000000   Number         0  stubs.o ABSOLUTE
    _printf_wctomb                           0x00000000   Number         0  stubs.o ABSOLUTE
    _printf_widthprec                        0x00000000   Number         0  stubs.o ABSOLUTE
    _printf_x                                0x00000000   Number         0  stubs.o ABSOLUTE
    __cpp_initialize__aeabi_                  - Undefined Weak Reference
    __cxa_finalize                            - Undefined Weak Reference
    __decompress                              - Undefined Weak Reference
    _clock_init                               - Undefined Weak Reference
    _microlib_exit                            - Undefined Weak Reference
    __Vectors_Size                           0x00000130   Number         0  startup_stm32f10x_hd.o ABSOLUTE
    __Vectors                                0x08000000   Data           4  startup_stm32f10x_hd.o(RESET)
    __Vectors_End                            0x08000130   Data           0  startup_stm32f10x_hd.o(RESET)
    __main                                   0x08000131   Thumb Code     0  entry.o(.ARM.Collect$$$$00000000)
    _main_stk                                0x08000131   Thumb Code     0  entry2.o(.ARM.Collect$$$$00000001)
    _main_scatterload                        0x08000135   Thumb Code     0  entry5.o(.ARM.Collect$$$$00000004)
    __main_after_scatterload                 0x08000139   Thumb Code     0  entry5.o(.ARM.Collect$$$$00000004)
    _main_clock                              0x08000139   Thumb Code     0  entry7b.o(.ARM.Collect$$$$00000008)
    _main_cpp_init                           0x08000139   Thumb Code     0  entry8b.o(.ARM.Collect$$$$0000000A)
    _main_init                               0x08000139   Thumb Code     0  entry9a.o(.ARM.Collect$$$$0000000B)
    __rt_final_cpp                           0x08000141   Thumb Code     0  entry10a.o(.ARM.Collect$$$$0000000D)
    __rt_final_exit                          0x08000141   Thumb Code     0  entry11a.o(.ARM.Collect$$$$0000000F)
    uart_oh_data_process                     0x08000145   Thumb Code   216  main.o(.text)
    display_oh_risk_level                    0x0800021d   Thumb Code    60  main.o(.text)
    cimeifen                                 0x08000259   Thumb Code    78  main.o(.text)
    Wait                                     0x080002a7   Thumb Code    14  main.o(.text)
    welcome                                  0x080002b5   Thumb Code    18  main.o(.text)
    main                                     0x080002c7   Thumb Code  2046  main.o(.text)
    NMI_Handler                              0x08000ad1   Thumb Code     2  stm32f10x_it.o(.text)
    HardFault_Handler                        0x08000ad3   Thumb Code     4  stm32f10x_it.o(.text)
    MemManage_Handler                        0x08000ad7   Thumb Code     4  stm32f10x_it.o(.text)
    BusFault_Handler                         0x08000adb   Thumb Code     4  stm32f10x_it.o(.text)
    UsageFault_Handler                       0x08000adf   Thumb Code     4  stm32f10x_it.o(.text)
    SVC_Handler                              0x08000ae3   Thumb Code     2  stm32f10x_it.o(.text)
    DebugMon_Handler                         0x08000ae5   Thumb Code     2  stm32f10x_it.o(.text)
    PendSV_Handler                           0x08000ae7   Thumb Code     2  stm32f10x_it.o(.text)
    SysTick_Handler                          0x08000ae9   Thumb Code     2  stm32f10x_it.o(.text)
    EXTI3_IRQHandler                         0x08000aeb   Thumb Code   142  stm32f10x_it.o(.text)
    GPIO_LED_Configuration                   0x08000b89   Thumb Code    54  led.o(.text)
    PeripheralInit                           0x08000bc5   Thumb Code    38  peripheralinit.o(.text)
    TimingDelay_Decrement                    0x08000beb   Thumb Code     2  delay.o(.text)
    Delay_ns                                 0x08000bed   Thumb Code    12  delay.o(.text)
    Delay_1us                                0x08000bf9   Thumb Code    26  delay.o(.text)
    Delay_2us                                0x08000c13   Thumb Code    26  delay.o(.text)
    Delay_10us                               0x08000c2d   Thumb Code    36  delay.o(.text)
    Delay_250us                              0x08000c51   Thumb Code    36  delay.o(.text)
    Delay_882us                              0x08000c75   Thumb Code    26  delay.o(.text)
    Delay_1ms                                0x08000c8f   Thumb Code    36  delay.o(.text)
    Delay_5ms                                0x08000cb3   Thumb Code    38  delay.o(.text)
    Delay_50ms                               0x08000cd9   Thumb Code    40  delay.o(.text)
    Delay                                    0x08000d01   Thumb Code    18  delay.o(.text)
    _sys_exit                                0x08000d15   Thumb Code     4  usart.o(.text)
    fputc                                    0x08000d19   Thumb Code    24  usart.o(.text)
    uart_init                                0x08000d31   Thumb Code   152  usart.o(.text)
    USART1_IRQHandler                        0x08000dc9   Thumb Code    98  usart.o(.text)
    GPIO_ADS1292_Configuration               0x08000e45   Thumb Code    38  ads1292.o(.text)
    ADS1292_Write_Reg                        0x08000e6b   Thumb Code    60  ads1292.o(.text)
    ADS1292_Read_Reg                         0x08000ea7   Thumb Code    62  ads1292.o(.text)
    ADS1292_PowerOnInit                      0x08000ee5   Thumb Code   314  ads1292.o(.text)
    ADS1292_Read_Data                        0x0800101f   Thumb Code   126  ads1292.o(.text)
    SPI1_Init                                0x080010b1   Thumb Code    98  spi.o(.text)
    SPI1_ReadWriteByte                       0x08001113   Thumb Code    86  spi.o(.text)
    GPIO_EXTInterrupt_Configuration          0x08001175   Thumb Code    38  extinterrupt.o(.text)
    EXTInterrupt_Mode_Configuration          0x0800119b   Thumb Code    40  extinterrupt.o(.text)
    NVIC_Configuration                       0x080011c3   Thumb Code    38  extinterrupt.o(.text)
    EXTInterrupt_Init                        0x080011e9   Thumb Code    16  extinterrupt.o(.text)
    MAX30102_Init                            0x080011fd   Thumb Code     2  max30102.o(.text)
    max30102_FIFO_ReadBytes                  0x080011ff   Thumb Code     2  max30102.o(.text)
    maxim_heart_rate_and_oxygen_saturation   0x08001201   Thumb Code     2  max30102.o(.text)
    OLED_Init                                0x08001203   Thumb Code     2  oled.o(.text)
    OLED_Clear                               0x08001205   Thumb Code     2  oled.o(.text)
    OLED_ShowString                          0x08001207   Thumb Code     2  oled.o(.text)
    OLED_ShowNum                             0x08001209   Thumb Code     2  oled.o(.text)
    NVIC_PriorityGroupConfig                 0x0800120d   Thumb Code    10  misc.o(.text)
    NVIC_Init                                0x08001217   Thumb Code   100  misc.o(.text)
    NVIC_SetVectorTable                      0x0800127b   Thumb Code    14  misc.o(.text)
    NVIC_SystemLPConfig                      0x08001289   Thumb Code    34  misc.o(.text)
    SysTick_CLKSourceConfig                  0x080012ab   Thumb Code    40  misc.o(.text)
    RCC_DeInit                               0x080012e9   Thumb Code    64  stm32f10x_rcc.o(.text)
    RCC_HSEConfig                            0x08001329   Thumb Code    70  stm32f10x_rcc.o(.text)
    RCC_GetFlagStatus                        0x0800136f   Thumb Code    56  stm32f10x_rcc.o(.text)
    RCC_WaitForHSEStartUp                    0x080013a7   Thumb Code    56  stm32f10x_rcc.o(.text)
    RCC_AdjustHSICalibrationValue            0x080013df   Thumb Code    20  stm32f10x_rcc.o(.text)
    RCC_HSICmd                               0x080013f3   Thumb Code     6  stm32f10x_rcc.o(.text)
    RCC_PLLConfig                            0x080013f9   Thumb Code    24  stm32f10x_rcc.o(.text)
    RCC_PLLCmd                               0x08001411   Thumb Code     6  stm32f10x_rcc.o(.text)
    RCC_SYSCLKConfig                         0x08001417   Thumb Code    18  stm32f10x_rcc.o(.text)
    RCC_GetSYSCLKSource                      0x08001429   Thumb Code    10  stm32f10x_rcc.o(.text)
    RCC_HCLKConfig                           0x08001433   Thumb Code    18  stm32f10x_rcc.o(.text)
    RCC_PCLK1Config                          0x08001445   Thumb Code    18  stm32f10x_rcc.o(.text)
    RCC_PCLK2Config                          0x08001457   Thumb Code    20  stm32f10x_rcc.o(.text)
    RCC_ITConfig                             0x0800146b   Thumb Code    26  stm32f10x_rcc.o(.text)
    RCC_USBCLKConfig                         0x08001485   Thumb Code     8  stm32f10x_rcc.o(.text)
    RCC_ADCCLKConfig                         0x0800148d   Thumb Code    18  stm32f10x_rcc.o(.text)
    RCC_LSEConfig                            0x0800149f   Thumb Code    50  stm32f10x_rcc.o(.text)
    RCC_LSICmd                               0x080014d1   Thumb Code     6  stm32f10x_rcc.o(.text)
    RCC_RTCCLKConfig                         0x080014d7   Thumb Code    12  stm32f10x_rcc.o(.text)
    RCC_RTCCLKCmd                            0x080014e3   Thumb Code     8  stm32f10x_rcc.o(.text)
    RCC_GetClocksFreq                        0x080014eb   Thumb Code   192  stm32f10x_rcc.o(.text)
    RCC_AHBPeriphClockCmd                    0x080015ab   Thumb Code    26  stm32f10x_rcc.o(.text)
    RCC_APB2PeriphClockCmd                   0x080015c5   Thumb Code    26  stm32f10x_rcc.o(.text)
    RCC_APB1PeriphClockCmd                   0x080015df   Thumb Code    26  stm32f10x_rcc.o(.text)
    RCC_APB2PeriphResetCmd                   0x080015f9   Thumb Code    26  stm32f10x_rcc.o(.text)
    RCC_APB1PeriphResetCmd                   0x08001613   Thumb Code    26  stm32f10x_rcc.o(.text)
    RCC_BackupResetCmd                       0x0800162d   Thumb Code     8  stm32f10x_rcc.o(.text)
    RCC_ClockSecuritySystemCmd               0x08001635   Thumb Code     6  stm32f10x_rcc.o(.text)
    RCC_MCOConfig                            0x0800163b   Thumb Code     6  stm32f10x_rcc.o(.text)
    RCC_ClearFlag                            0x08001641   Thumb Code    14  stm32f10x_rcc.o(.text)
    RCC_GetITStatus                          0x0800164f   Thumb Code    20  stm32f10x_rcc.o(.text)
    RCC_ClearITPendingBit                    0x08001663   Thumb Code     6  stm32f10x_rcc.o(.text)
    GPIO_DeInit                              0x0800168d   Thumb Code   172  stm32f10x_gpio.o(.text)
    GPIO_AFIODeInit                          0x08001739   Thumb Code    20  stm32f10x_gpio.o(.text)
    GPIO_Init                                0x0800174d   Thumb Code   278  stm32f10x_gpio.o(.text)
    GPIO_StructInit                          0x08001863   Thumb Code    16  stm32f10x_gpio.o(.text)
    GPIO_ReadInputDataBit                    0x08001873   Thumb Code    18  stm32f10x_gpio.o(.text)
    GPIO_ReadInputData                       0x08001885   Thumb Code     8  stm32f10x_gpio.o(.text)
    GPIO_ReadOutputDataBit                   0x0800188d   Thumb Code    18  stm32f10x_gpio.o(.text)
    GPIO_ReadOutputData                      0x0800189f   Thumb Code     8  stm32f10x_gpio.o(.text)
    GPIO_SetBits                             0x080018a7   Thumb Code     4  stm32f10x_gpio.o(.text)
    GPIO_ResetBits                           0x080018ab   Thumb Code     4  stm32f10x_gpio.o(.text)
    GPIO_WriteBit                            0x080018af   Thumb Code    10  stm32f10x_gpio.o(.text)
    GPIO_Write                               0x080018b9   Thumb Code     4  stm32f10x_gpio.o(.text)
    GPIO_PinLockConfig                       0x080018bd   Thumb Code    18  stm32f10x_gpio.o(.text)
    GPIO_EventOutputConfig                   0x080018cf   Thumb Code    26  stm32f10x_gpio.o(.text)
    GPIO_EventOutputCmd                      0x080018e9   Thumb Code     6  stm32f10x_gpio.o(.text)
    GPIO_PinRemapConfig                      0x080018ef   Thumb Code   138  stm32f10x_gpio.o(.text)
    GPIO_EXTILineConfig                      0x08001979   Thumb Code    66  stm32f10x_gpio.o(.text)
    GPIO_ETH_MediaInterfaceConfig            0x080019bb   Thumb Code     8  stm32f10x_gpio.o(.text)
    EXTI_DeInit                              0x080019e9   Thumb Code    28  stm32f10x_exti.o(.text)
    EXTI_Init                                0x08001a05   Thumb Code   142  stm32f10x_exti.o(.text)
    EXTI_StructInit                          0x08001a93   Thumb Code    16  stm32f10x_exti.o(.text)
    EXTI_GenerateSWInterrupt                 0x08001aa3   Thumb Code    16  stm32f10x_exti.o(.text)
    EXTI_GetFlagStatus                       0x08001ab3   Thumb Code    22  stm32f10x_exti.o(.text)
    EXTI_ClearFlag                           0x08001ac9   Thumb Code     8  stm32f10x_exti.o(.text)
    EXTI_GetITStatus                         0x08001ad1   Thumb Code    34  stm32f10x_exti.o(.text)
    EXTI_ClearITPendingBit                   0x08001af3   Thumb Code     8  stm32f10x_exti.o(.text)
    SPI_I2S_DeInit                           0x08001b05   Thumb Code    76  stm32f10x_spi.o(.text)
    SPI_Init                                 0x08001b51   Thumb Code    60  stm32f10x_spi.o(.text)
    I2S_Init                                 0x08001b8d   Thumb Code   226  stm32f10x_spi.o(.text)
    SPI_StructInit                           0x08001c6f   Thumb Code    24  stm32f10x_spi.o(.text)
    I2S_StructInit                           0x08001c87   Thumb Code    20  stm32f10x_spi.o(.text)
    SPI_Cmd                                  0x08001c9b   Thumb Code    24  stm32f10x_spi.o(.text)
    I2S_Cmd                                  0x08001cb3   Thumb Code    24  stm32f10x_spi.o(.text)
    SPI_I2S_ITConfig                         0x08001ccb   Thumb Code    32  stm32f10x_spi.o(.text)
    SPI_I2S_DMACmd                           0x08001ceb   Thumb Code    18  stm32f10x_spi.o(.text)
    SPI_I2S_SendData                         0x08001cfd   Thumb Code     4  stm32f10x_spi.o(.text)
    SPI_I2S_ReceiveData                      0x08001d01   Thumb Code     6  stm32f10x_spi.o(.text)
    SPI_NSSInternalSoftwareConfig            0x08001d07   Thumb Code    30  stm32f10x_spi.o(.text)
    SPI_SSOutputCmd                          0x08001d25   Thumb Code    24  stm32f10x_spi.o(.text)
    SPI_DataSizeConfig                       0x08001d3d   Thumb Code    18  stm32f10x_spi.o(.text)
    SPI_TransmitCRC                          0x08001d4f   Thumb Code    10  stm32f10x_spi.o(.text)
    SPI_CalculateCRC                         0x08001d59   Thumb Code    24  stm32f10x_spi.o(.text)
    SPI_GetCRC                               0x08001d71   Thumb Code    16  stm32f10x_spi.o(.text)
    SPI_GetCRCPolynomial                     0x08001d81   Thumb Code     6  stm32f10x_spi.o(.text)
    SPI_BiDirectionalLineConfig              0x08001d87   Thumb Code    28  stm32f10x_spi.o(.text)
    SPI_I2S_GetFlagStatus                    0x08001da3   Thumb Code    18  stm32f10x_spi.o(.text)
    SPI_I2S_ClearFlag                        0x08001db5   Thumb Code     6  stm32f10x_spi.o(.text)
    SPI_I2S_GetITStatus                      0x08001dbb   Thumb Code    52  stm32f10x_spi.o(.text)
    SPI_I2S_ClearITPendingBit                0x08001def   Thumb Code    20  stm32f10x_spi.o(.text)
    USART_DeInit                             0x08001e11   Thumb Code   134  stm32f10x_usart.o(.text)
    USART_Init                               0x08001e97   Thumb Code   210  stm32f10x_usart.o(.text)
    USART_StructInit                         0x08001f69   Thumb Code    24  stm32f10x_usart.o(.text)
    USART_ClockInit                          0x08001f81   Thumb Code    34  stm32f10x_usart.o(.text)
    USART_ClockStructInit                    0x08001fa3   Thumb Code    12  stm32f10x_usart.o(.text)
    USART_Cmd                                0x08001faf   Thumb Code    24  stm32f10x_usart.o(.text)
    USART_ITConfig                           0x08001fc7   Thumb Code    74  stm32f10x_usart.o(.text)
    USART_DMACmd                             0x08002011   Thumb Code    18  stm32f10x_usart.o(.text)
    USART_SetAddress                         0x08002023   Thumb Code    18  stm32f10x_usart.o(.text)
    USART_WakeUpConfig                       0x08002035   Thumb Code    18  stm32f10x_usart.o(.text)
    USART_ReceiverWakeUpCmd                  0x08002047   Thumb Code    24  stm32f10x_usart.o(.text)
    USART_LINBreakDetectLengthConfig         0x0800205f   Thumb Code    18  stm32f10x_usart.o(.text)
    USART_LINCmd                             0x08002071   Thumb Code    24  stm32f10x_usart.o(.text)
    USART_SendData                           0x08002089   Thumb Code     8  stm32f10x_usart.o(.text)
    USART_ReceiveData                        0x08002091   Thumb Code    10  stm32f10x_usart.o(.text)
    USART_SendBreak                          0x0800209b   Thumb Code    10  stm32f10x_usart.o(.text)
    USART_SetGuardTime                       0x080020a5   Thumb Code    16  stm32f10x_usart.o(.text)
    USART_SetPrescaler                       0x080020b5   Thumb Code    16  stm32f10x_usart.o(.text)
    USART_SmartCardCmd                       0x080020c5   Thumb Code    24  stm32f10x_usart.o(.text)
    USART_SmartCardNACKCmd                   0x080020dd   Thumb Code    24  stm32f10x_usart.o(.text)
    USART_HalfDuplexCmd                      0x080020f5   Thumb Code    24  stm32f10x_usart.o(.text)
    USART_OverSampling8Cmd                   0x0800210d   Thumb Code    22  stm32f10x_usart.o(.text)
    USART_OneBitMethodCmd                    0x08002123   Thumb Code    24  stm32f10x_usart.o(.text)
    USART_IrDAConfig                         0x0800213b   Thumb Code    18  stm32f10x_usart.o(.text)
    USART_IrDACmd                            0x0800214d   Thumb Code    24  stm32f10x_usart.o(.text)
    USART_GetFlagStatus                      0x08002165   Thumb Code    26  stm32f10x_usart.o(.text)
    USART_ClearFlag                          0x0800217f   Thumb Code    18  stm32f10x_usart.o(.text)
    USART_GetITStatus                        0x08002191   Thumb Code    84  stm32f10x_usart.o(.text)
    USART_ClearITPendingBit                  0x080021e5   Thumb Code    52  stm32f10x_usart.o(.text)
    SystemInit                               0x080022f7   Thumb Code    78  system_stm32f10x.o(.text)
    SystemCoreClockUpdate                    0x08002345   Thumb Code   142  system_stm32f10x.o(.text)
    Reset_Handler                            0x080023f9   Thumb Code     8  startup_stm32f10x_hd.o(.text)
    ADC1_2_IRQHandler                        0x08002413   Thumb Code     0  startup_stm32f10x_hd.o(.text)
    ADC3_IRQHandler                          0x08002413   Thumb Code     0  startup_stm32f10x_hd.o(.text)
    CAN1_RX1_IRQHandler                      0x08002413   Thumb Code     0  startup_stm32f10x_hd.o(.text)
    CAN1_SCE_IRQHandler                      0x08002413   Thumb Code     0  startup_stm32f10x_hd.o(.text)
    DMA1_Channel1_IRQHandler                 0x08002413   Thumb Code     0  startup_stm32f10x_hd.o(.text)
    DMA1_Channel2_IRQHandler                 0x08002413   Thumb Code     0  startup_stm32f10x_hd.o(.text)
    DMA1_Channel3_IRQHandler                 0x08002413   Thumb Code     0  startup_stm32f10x_hd.o(.text)
    DMA1_Channel4_IRQHandler                 0x08002413   Thumb Code     0  startup_stm32f10x_hd.o(.text)
    DMA1_Channel5_IRQHandler                 0x08002413   Thumb Code     0  startup_stm32f10x_hd.o(.text)
    DMA1_Channel6_IRQHandler                 0x08002413   Thumb Code     0  startup_stm32f10x_hd.o(.text)
    DMA1_Channel7_IRQHandler                 0x08002413   Thumb Code     0  startup_stm32f10x_hd.o(.text)
    DMA2_Channel1_IRQHandler                 0x08002413   Thumb Code     0  startup_stm32f10x_hd.o(.text)
    DMA2_Channel2_IRQHandler                 0x08002413   Thumb Code     0  startup_stm32f10x_hd.o(.text)
    DMA2_Channel3_IRQHandler                 0x08002413   Thumb Code     0  startup_stm32f10x_hd.o(.text)
    DMA2_Channel4_5_IRQHandler               0x08002413   Thumb Code     0  startup_stm32f10x_hd.o(.text)
    EXTI0_IRQHandler                         0x08002413   Thumb Code     0  startup_stm32f10x_hd.o(.text)
    EXTI15_10_IRQHandler                     0x08002413   Thumb Code     0  startup_stm32f10x_hd.o(.text)
    EXTI1_IRQHandler                         0x08002413   Thumb Code     0  startup_stm32f10x_hd.o(.text)
    EXTI2_IRQHandler                         0x08002413   Thumb Code     0  startup_stm32f10x_hd.o(.text)
    EXTI4_IRQHandler                         0x08002413   Thumb Code     0  startup_stm32f10x_hd.o(.text)
    EXTI9_5_IRQHandler                       0x08002413   Thumb Code     0  startup_stm32f10x_hd.o(.text)
    FLASH_IRQHandler                         0x08002413   Thumb Code     0  startup_stm32f10x_hd.o(.text)
    FSMC_IRQHandler                          0x08002413   Thumb Code     0  startup_stm32f10x_hd.o(.text)
    I2C1_ER_IRQHandler                       0x08002413   Thumb Code     0  startup_stm32f10x_hd.o(.text)
    I2C1_EV_IRQHandler                       0x08002413   Thumb Code     0  startup_stm32f10x_hd.o(.text)
    I2C2_ER_IRQHandler                       0x08002413   Thumb Code     0  startup_stm32f10x_hd.o(.text)
    I2C2_EV_IRQHandler                       0x08002413   Thumb Code     0  startup_stm32f10x_hd.o(.text)
    PVD_IRQHandler                           0x08002413   Thumb Code     0  startup_stm32f10x_hd.o(.text)
    RCC_IRQHandler                           0x08002413   Thumb Code     0  startup_stm32f10x_hd.o(.text)
    RTCAlarm_IRQHandler                      0x08002413   Thumb Code     0  startup_stm32f10x_hd.o(.text)
    RTC_IRQHandler                           0x08002413   Thumb Code     0  startup_stm32f10x_hd.o(.text)
    SDIO_IRQHandler                          0x08002413   Thumb Code     0  startup_stm32f10x_hd.o(.text)
    SPI1_IRQHandler                          0x08002413   Thumb Code     0  startup_stm32f10x_hd.o(.text)
    SPI2_IRQHandler                          0x08002413   Thumb Code     0  startup_stm32f10x_hd.o(.text)
    SPI3_IRQHandler                          0x08002413   Thumb Code     0  startup_stm32f10x_hd.o(.text)
    TAMPER_IRQHandler                        0x08002413   Thumb Code     0  startup_stm32f10x_hd.o(.text)
    TIM1_BRK_IRQHandler                      0x08002413   Thumb Code     0  startup_stm32f10x_hd.o(.text)
    TIM1_CC_IRQHandler                       0x08002413   Thumb Code     0  startup_stm32f10x_hd.o(.text)
    TIM1_TRG_COM_IRQHandler                  0x08002413   Thumb Code     0  startup_stm32f10x_hd.o(.text)
    TIM1_UP_IRQHandler                       0x08002413   Thumb Code     0  startup_stm32f10x_hd.o(.text)
    TIM2_IRQHandler                          0x08002413   Thumb Code     0  startup_stm32f10x_hd.o(.text)
    TIM3_IRQHandler                          0x08002413   Thumb Code     0  startup_stm32f10x_hd.o(.text)
    TIM4_IRQHandler                          0x08002413   Thumb Code     0  startup_stm32f10x_hd.o(.text)
    TIM5_IRQHandler                          0x08002413   Thumb Code     0  startup_stm32f10x_hd.o(.text)
    TIM6_IRQHandler                          0x08002413   Thumb Code     0  startup_stm32f10x_hd.o(.text)
    TIM7_IRQHandler                          0x08002413   Thumb Code     0  startup_stm32f10x_hd.o(.text)
    TIM8_BRK_IRQHandler                      0x08002413   Thumb Code     0  startup_stm32f10x_hd.o(.text)
    TIM8_CC_IRQHandler                       0x08002413   Thumb Code     0  startup_stm32f10x_hd.o(.text)
    TIM8_TRG_COM_IRQHandler                  0x08002413   Thumb Code     0  startup_stm32f10x_hd.o(.text)
    TIM8_UP_IRQHandler                       0x08002413   Thumb Code     0  startup_stm32f10x_hd.o(.text)
    UART4_IRQHandler                         0x08002413   Thumb Code     0  startup_stm32f10x_hd.o(.text)
    UART5_IRQHandler                         0x08002413   Thumb Code     0  startup_stm32f10x_hd.o(.text)
    USART2_IRQHandler                        0x08002413   Thumb Code     0  startup_stm32f10x_hd.o(.text)
    USART3_IRQHandler                        0x08002413   Thumb Code     0  startup_stm32f10x_hd.o(.text)
    USBWakeUp_IRQHandler                     0x08002413   Thumb Code     0  startup_stm32f10x_hd.o(.text)
    USB_HP_CAN1_TX_IRQHandler                0x08002413   Thumb Code     0  startup_stm32f10x_hd.o(.text)
    USB_LP_CAN1_RX0_IRQHandler               0x08002413   Thumb Code     0  startup_stm32f10x_hd.o(.text)
    WWDG_IRQHandler                          0x08002413   Thumb Code     0  startup_stm32f10x_hd.o(.text)
    arm_fir_f32                              0x0800241d   Thumb Code  2274  arm_fir_f32.o(.text)
    arm_fir_init_f32                         0x08002cff   Thumb Code    28  arm_fir_init_f32.o(.text)
    __aeabi_memset                           0x08002d1b   Thumb Code    14  memseta.o(.text)
    __aeabi_memset4                          0x08002d1b   Thumb Code     0  memseta.o(.text)
    __aeabi_memset8                          0x08002d1b   Thumb Code     0  memseta.o(.text)
    __aeabi_memclr                           0x08002d29   Thumb Code     4  memseta.o(.text)
    __aeabi_memclr4                          0x08002d29   Thumb Code     0  memseta.o(.text)
    __aeabi_memclr8                          0x08002d29   Thumb Code     0  memseta.o(.text)
    _memset$wrapper                          0x08002d2d   Thumb Code    18  memseta.o(.text)
    strncpy                                  0x08002d3f   Thumb Code    24  strncpy.o(.text)
    __aeabi_fadd                             0x08002d57   Thumb Code   164  fadd.o(.text)
    __aeabi_fsub                             0x08002dfb   Thumb Code     6  fadd.o(.text)
    __aeabi_frsub                            0x08002e01   Thumb Code     6  fadd.o(.text)
    __aeabi_fmul                             0x08002e07   Thumb Code   100  fmul.o(.text)
    __aeabi_fdiv                             0x08002e6b   Thumb Code   124  fdiv.o(.text)
    __aeabi_i2f                              0x08002ee7   Thumb Code    18  fflti.o(.text)
    __aeabi_ui2f                             0x08002ef9   Thumb Code    10  ffltui.o(.text)
    __aeabi_f2iz                             0x08002f03   Thumb Code    50  ffixi.o(.text)
    __aeabi_f2uiz                            0x08002f35   Thumb Code    40  ffixui.o(.text)
    __aeabi_f2d                              0x08002f5d   Thumb Code    38  f2d.o(.text)
    __aeabi_cfcmpeq                          0x08002f85   Thumb Code     0  cfcmple.o(.text)
    __aeabi_cfcmple                          0x08002f85   Thumb Code    20  cfcmple.o(.text)
    __aeabi_cfrcmple                         0x08002f99   Thumb Code    20  cfrcmple.o(.text)
    __aeabi_uidiv                            0x08002fad   Thumb Code     0  uidiv.o(.text)
    __aeabi_uidivmod                         0x08002fad   Thumb Code    44  uidiv.o(.text)
    __aeabi_uldivmod                         0x08002fd9   Thumb Code    98  uldiv.o(.text)
    __I$use$fp                               0x0800303b   Thumb Code     0  iusefp.o(.text)
    _float_round                             0x0800303b   Thumb Code    18  fepilogue.o(.text)
    _float_epilogue                          0x0800304d   Thumb Code    92  fepilogue.o(.text)
    __aeabi_dadd                             0x080030a9   Thumb Code   322  dadd.o(.text)
    __aeabi_dsub                             0x080031eb   Thumb Code     6  dadd.o(.text)
    __aeabi_drsub                            0x080031f1   Thumb Code     6  dadd.o(.text)
    __aeabi_dmul                             0x080031f7   Thumb Code   228  dmul.o(.text)
    __aeabi_ddiv                             0x080032db   Thumb Code   222  ddiv.o(.text)
    __aeabi_d2ulz                            0x080033b9   Thumb Code    48  dfixul.o(.text)
    __aeabi_cdrcmple                         0x080033e9   Thumb Code    48  cdrcmple.o(.text)
    __scatterload                            0x08003419   Thumb Code    28  init.o(.text)
    __scatterload_rt2                        0x08003419   Thumb Code     0  init.o(.text)
    __aeabi_llsl                             0x0800343d   Thumb Code    30  llshl.o(.text)
    _ll_shift_l                              0x0800343d   Thumb Code     0  llshl.o(.text)
    __aeabi_llsr                             0x0800345b   Thumb Code    32  llushr.o(.text)
    _ll_ushift_r                             0x0800345b   Thumb Code     0  llushr.o(.text)
    __aeabi_lasr                             0x0800347b   Thumb Code    36  llsshr.o(.text)
    _ll_sshift_r                             0x0800347b   Thumb Code     0  llsshr.o(.text)
    _double_round                            0x0800349f   Thumb Code    30  depilogue.o(.text)
    _double_epilogue                         0x080034bd   Thumb Code   156  depilogue.o(.text)
    __0printf                                0x08003559   Thumb Code    22  printfa.o(i.__0printf)
    __1printf                                0x08003559   Thumb Code     0  printfa.o(i.__0printf)
    __2printf                                0x08003559   Thumb Code     0  printfa.o(i.__0printf)
    __c89printf                              0x08003559   Thumb Code     0  printfa.o(i.__0printf)
    printf                                   0x08003559   Thumb Code     0  printfa.o(i.__0printf)
    __scatterload_copy                       0x08003579   Thumb Code    14  handlers.o(i.__scatterload_copy)
    __scatterload_null                       0x08003587   Thumb Code     2  handlers.o(i.__scatterload_null)
    __scatterload_zeroinit                   0x08003589   Thumb Code    14  handlers.o(i.__scatterload_zeroinit)
    BPF_5Hz_40Hz                             0x08003e4c   Data         516  main.o(.constdata)
    LPF_2Hz                                  0x08004050   Data         516  main.o(.constdata)
    Region$$Table$$Base                      0x08004304   Number         0  anon$$obj.o(Region$$Table)
    Region$$Table$$Limit                     0x08004324   Number         0  anon$$obj.o(Region$$Table)
    n_ir_buffer_length                       0x20000000   Data           4  main.o(.data)
    n_sp02                                   0x20000004   Data           4  main.o(.data)
    ch_spo2_valid                            0x20000008   Data           1  main.o(.data)
    n_heart_rate                             0x2000000c   Data           4  main.o(.data)
    ch_hr_valid                              0x20000010   Data           1  main.o(.data)
    Temp                                     0x20000011   Data           1  main.o(.data)
    un_min                                   0x20000014   Data           4  main.o(.data)
    un_max                                   0x20000018   Data           4  main.o(.data)
    un_prev_data                             0x2000001c   Data           4  main.o(.data)
    i                                        0x20000020   Data           4  main.o(.data)
    n_brightness                             0x20000024   Data           4  main.o(.data)
    f_temp                                   0x20000028   Data           4  main.o(.data)
    temp                                     0x2000002c   Data           6  main.o(.data)
    dis_hr                                   0x20000032   Data           1  main.o(.data)
    dis_spo2                                 0x20000033   Data           1  main.o(.data)
    max_sample_idx                           0x20000034   Data           2  main.o(.data)
    calc_hr_spo2_flag                        0x20000036   Data           1  main.o(.data)
    hr_sum                                   0x20000038   Data           4  main.o(.data)
    hr_count                                 0x2000003c   Data           2  main.o(.data)
    spo2_sum                                 0x20000040   Data           4  main.o(.data)
    spo2_count                               0x20000044   Data           2  main.o(.data)
    hr_avg                                   0x20000048   Data           4  main.o(.data)
    spo2_avg                                 0x2000004c   Data           4  main.o(.data)
    uart_rx_head                             0x20000050   Data           1  main.o(.data)
    uart_rx_tail                             0x20000051   Data           1  main.o(.data)
    uart_rx_flag                             0x20000052   Data           1  main.o(.data)
    oh_risk_level_en                         0x20000054   Data          20  main.o(.data)
    oh_risk_level                            0x20000068   Data           1  main.o(.data)
    oh_update_flag                           0x20000069   Data           1  main.o(.data)
    ch1_data                                 0x2000006c   Data           4  main.o(.data)
    ch2_data                                 0x20000070   Data           4  main.o(.data)
    flog                                     0x20000074   Data           1  main.o(.data)
    point_cnt                                0x20000076   Data           2  main.o(.data)
    blockSize                                0x20000078   Data           4  main.o(.data)
    numBlocks                                0x2000007c   Data           4  main.o(.data)
    Input_data1                              0x20000080   Data           4  main.o(.data)
    Output_data1                             0x20000084   Data           4  main.o(.data)
    Input_data2                              0x20000088   Data           4  main.o(.data)
    Output_data2                             0x2000008c   Data           4  main.o(.data)
    __stdout                                 0x20000090   Data           4  usart.o(.data)
    USART_RX_STA                             0x20000094   Data           2  usart.o(.data)
    SystemCoreClock                          0x200000ac   Data           4  system_stm32f10x.o(.data)
    AHBPrescTable                            0x200000b0   Data          16  system_stm32f10x.o(.data)
    aun_ir_buffer                            0x200000c0   Data        2000  main.o(.bss)
    aun_red_buffer                           0x20000890   Data        2000  main.o(.bss)
    str                                      0x20001060   Data         100  main.o(.bss)
    uart_rx_buf                              0x200010c4   Data          64  main.o(.bss)
    display_str                              0x20001104   Data          17  main.o(.bss)
    oh_display_str                           0x20001115   Data          17  main.o(.bss)
    BPM_LH                                   0x20001128   Data          12  main.o(.bss)
    firState1                                0x20001134   Data         516  main.o(.bss)
    firState2                                0x20001338   Data         516  main.o(.bss)
    SPI_InitStructure                        0x2000153c   Data          18  spi.o(.bss)
    __initial_sp                             0x20001950   Data           0  startup_stm32f10x_hd.o(STACK)



==============================================================================

Memory Map of the image

  Image Entry point : 0x08000131

  Load Region LR_IROM1 (Base: 0x08000000, Size: 0x000043e4, Max: 0x00040000, ABSOLUTE)

    Execution Region ER_IROM1 (Exec base: 0x08000000, Load base: 0x08000000, Size: 0x00004324, Max: 0x00040000, ABSOLUTE)

    Exec Addr    Load Addr    Size         Type   Attr      Idx    E Section Name        Object

    0x08000000   0x08000000   0x00000130   Data   RO          709    RESET               startup_stm32f10x_hd.o
    0x08000130   0x08000130   0x00000000   Code   RO          784  * .ARM.Collect$$$$00000000  mc_w.l(entry.o)
    0x08000130   0x08000130   0x00000004   Code   RO         1072    .ARM.Collect$$$$00000001  mc_w.l(entry2.o)
    0x08000134   0x08000134   0x00000004   Code   RO         1075    .ARM.Collect$$$$00000004  mc_w.l(entry5.o)
    0x08000138   0x08000138   0x00000000   Code   RO         1077    .ARM.Collect$$$$00000008  mc_w.l(entry7b.o)
    0x08000138   0x08000138   0x00000000   Code   RO         1079    .ARM.Collect$$$$0000000A  mc_w.l(entry8b.o)
    0x08000138   0x08000138   0x00000008   Code   RO         1080    .ARM.Collect$$$$0000000B  mc_w.l(entry9a.o)
    0x08000140   0x08000140   0x00000000   Code   RO         1082    .ARM.Collect$$$$0000000D  mc_w.l(entry10a.o)
    0x08000140   0x08000140   0x00000000   Code   RO         1084    .ARM.Collect$$$$0000000F  mc_w.l(entry11a.o)
    0x08000140   0x08000140   0x00000004   Code   RO         1073    .ARM.Collect$$$$00002712  mc_w.l(entry2.o)
    0x08000144   0x08000144   0x0000098c   Code   RO            4    .text               main.o
    0x08000ad0   0x08000ad0   0x000000b8   Code   RO          140    .text               stm32f10x_it.o
    0x08000b88   0x08000b88   0x0000003c   Code   RO          183    .text               led.o
    0x08000bc4   0x08000bc4   0x00000026   Code   RO          207    .text               peripheralinit.o
    0x08000bea   0x08000bea   0x00000128   Code   RO          231    .text               delay.o
    0x08000d12   0x08000d12   0x00000002   PAD
    0x08000d14   0x08000d14   0x00000130   Code   RO          311    .text               usart.o
    0x08000e44   0x08000e44   0x0000026c   Code   RO          347    .text               ads1292.o
    0x080010b0   0x080010b0   0x000000c4   Code   RO          371    .text               spi.o
    0x08001174   0x08001174   0x00000088   Code   RO          398    .text               extinterrupt.o
    0x080011fc   0x080011fc   0x00000006   Code   RO          422    .text               max30102.o
    0x08001202   0x08001202   0x00000008   Code   RO          449    .text               oled.o
    0x0800120a   0x0800120a   0x00000002   PAD
    0x0800120c   0x0800120c   0x000000dc   Code   RO          476    .text               misc.o
    0x080012e8   0x080012e8   0x000003a4   Code   RO          500    .text               stm32f10x_rcc.o
    0x0800168c   0x0800168c   0x0000035c   Code   RO          526    .text               stm32f10x_gpio.o
    0x080019e8   0x080019e8   0x0000011c   Code   RO          550    .text               stm32f10x_exti.o
    0x08001b04   0x08001b04   0x0000030c   Code   RO          622    .text               stm32f10x_spi.o
    0x08001e10   0x08001e10   0x00000408   Code   RO          646    .text               stm32f10x_usart.o
    0x08002218   0x08002218   0x000001e0   Code   RO          680    .text               system_stm32f10x.o
    0x080023f8   0x080023f8   0x00000024   Code   RO          710    .text               startup_stm32f10x_hd.o
    0x0800241c   0x0800241c   0x000008e2   Code   RO          717    .text               arm_cortexM3l_math.lib(arm_fir_f32.o)
    0x08002cfe   0x08002cfe   0x0000001c   Code   RO          763    .text               arm_cortexM3l_math.lib(arm_fir_init_f32.o)
    0x08002d1a   0x08002d1a   0x00000024   Code   RO          787    .text               mc_w.l(memseta.o)
    0x08002d3e   0x08002d3e   0x00000018   Code   RO          789    .text               mc_w.l(strncpy.o)
    0x08002d56   0x08002d56   0x000000b0   Code   RO         1052    .text               mf_w.l(fadd.o)
    0x08002e06   0x08002e06   0x00000064   Code   RO         1054    .text               mf_w.l(fmul.o)
    0x08002e6a   0x08002e6a   0x0000007c   Code   RO         1056    .text               mf_w.l(fdiv.o)
    0x08002ee6   0x08002ee6   0x00000012   Code   RO         1058    .text               mf_w.l(fflti.o)
    0x08002ef8   0x08002ef8   0x0000000a   Code   RO         1060    .text               mf_w.l(ffltui.o)
    0x08002f02   0x08002f02   0x00000032   Code   RO         1062    .text               mf_w.l(ffixi.o)
    0x08002f34   0x08002f34   0x00000028   Code   RO         1064    .text               mf_w.l(ffixui.o)
    0x08002f5c   0x08002f5c   0x00000026   Code   RO         1066    .text               mf_w.l(f2d.o)
    0x08002f82   0x08002f82   0x00000002   PAD
    0x08002f84   0x08002f84   0x00000014   Code   RO         1068    .text               mf_w.l(cfcmple.o)
    0x08002f98   0x08002f98   0x00000014   Code   RO         1070    .text               mf_w.l(cfrcmple.o)
    0x08002fac   0x08002fac   0x0000002c   Code   RO         1086    .text               mc_w.l(uidiv.o)
    0x08002fd8   0x08002fd8   0x00000062   Code   RO         1088    .text               mc_w.l(uldiv.o)
    0x0800303a   0x0800303a   0x00000000   Code   RO         1090    .text               mc_w.l(iusefp.o)
    0x0800303a   0x0800303a   0x0000006e   Code   RO         1091    .text               mf_w.l(fepilogue.o)
    0x080030a8   0x080030a8   0x0000014e   Code   RO         1093    .text               mf_w.l(dadd.o)
    0x080031f6   0x080031f6   0x000000e4   Code   RO         1095    .text               mf_w.l(dmul.o)
    0x080032da   0x080032da   0x000000de   Code   RO         1097    .text               mf_w.l(ddiv.o)
    0x080033b8   0x080033b8   0x00000030   Code   RO         1099    .text               mf_w.l(dfixul.o)
    0x080033e8   0x080033e8   0x00000030   Code   RO         1101    .text               mf_w.l(cdrcmple.o)
    0x08003418   0x08003418   0x00000024   Code   RO         1103    .text               mc_w.l(init.o)
    0x0800343c   0x0800343c   0x0000001e   Code   RO         1105    .text               mc_w.l(llshl.o)
    0x0800345a   0x0800345a   0x00000020   Code   RO         1107    .text               mc_w.l(llushr.o)
    0x0800347a   0x0800347a   0x00000024   Code   RO         1109    .text               mc_w.l(llsshr.o)
    0x0800349e   0x0800349e   0x000000ba   Code   RO         1111    .text               mf_w.l(depilogue.o)
    0x08003558   0x08003558   0x00000020   Code   RO         1024    i.__0printf         mc_w.l(printfa.o)
    0x08003578   0x08003578   0x0000000e   Code   RO         1115    i.__scatterload_copy  mc_w.l(handlers.o)
    0x08003586   0x08003586   0x00000002   Code   RO         1116    i.__scatterload_null  mc_w.l(handlers.o)
    0x08003588   0x08003588   0x0000000e   Code   RO         1117    i.__scatterload_zeroinit  mc_w.l(handlers.o)
    0x08003596   0x08003596   0x00000002   PAD
    0x08003598   0x08003598   0x00000184   Code   RO         1031    i._fp_digits        mc_w.l(printfa.o)
    0x0800371c   0x0800371c   0x000006dc   Code   RO         1032    i._printf_core      mc_w.l(printfa.o)
    0x08003df8   0x08003df8   0x00000024   Code   RO         1033    i._printf_post_padding  mc_w.l(printfa.o)
    0x08003e1c   0x08003e1c   0x0000002e   Code   RO         1034    i._printf_pre_padding  mc_w.l(printfa.o)
    0x08003e4a   0x08003e4a   0x00000002   PAD
    0x08003e4c   0x08003e4c   0x00000410   Data   RO            6    .constdata          main.o
    0x0800425c   0x0800425c   0x000000a5   Data   RO            7    .conststring        main.o
    0x08004301   0x08004301   0x00000003   PAD
    0x08004304   0x08004304   0x00000020   Data   RO         1113    Region$$Table       anon$$obj.o


    Execution Region RW_IRAM1 (Exec base: 0x20000000, Load base: 0x08004324, Size: 0x00001950, Max: 0x0000c000, ABSOLUTE)

    Exec Addr    Load Addr    Size         Type   Attr      Idx    E Section Name        Object

    0x20000000   0x08004324   0x00000090   Data   RW            8    .data               main.o
    0x20000090   0x080043b4   0x00000006   Data   RW          313    .data               usart.o
    0x20000096   0x080043ba   0x00000014   Data   RW          501    .data               stm32f10x_rcc.o
    0x200000aa   0x080043ce   0x00000002   PAD
    0x200000ac   0x080043d0   0x00000014   Data   RW          681    .data               system_stm32f10x.o
    0x200000c0        -       0x0000147c   Zero   RW            5    .bss                main.o
    0x2000153c        -       0x00000012   Zero   RW          372    .bss                spi.o
    0x2000154e   0x080043e4   0x00000002   PAD
    0x20001550        -       0x00000400   Zero   RW          707    STACK               startup_stm32f10x_hd.o


==============================================================================

Image component sizes


      Code (inc. data)   RO Data    RW Data    ZI Data      Debug   Object Name

       620         20          0          0          0       1942   ads1292.o
       296          0          0          0          0       2473   delay.o
       136          4          0          0          0       1035   extinterrupt.o
        60          6          0          0          0        489   led.o
      2444        384       1205        144       5244     287514   main.o
         6          0          0          0          0       1011   max30102.o
       220         22          0          0          0       1833   misc.o
         8          0          0          0          0        976   oled.o
        38          0          0          0          0        473   peripheralinit.o
       196         12          0          0         18       1047   spi.o
        36          8        304          0       1024        832   startup_stm32f10x_hd.o
       284         10          0          0          0       2291   stm32f10x_exti.o
       860         38          0          0          0       5761   stm32f10x_gpio.o
       184         16          0          0          0       1483   stm32f10x_it.o
       932         36          0         20          0       8940   stm32f10x_rcc.o
       780         14          0          0          0       6650   stm32f10x_spi.o
      1032         22          0          0          0       8492   stm32f10x_usart.o
       480         38          0         20          0       1899   system_stm32f10x.o
       304         26          0          6          0       3074   usart.o

    ----------------------------------------------------------------------
      8920        656       1544        192       6288     338215   Object Totals
         0          0         32          0          0          0   (incl. Generated)
         4          0          3          2          2          0   (incl. Padding)

    ----------------------------------------------------------------------

      Code (inc. data)   RO Data    RW Data    ZI Data      Debug   Library Member Name

      2274          0          0          0          0      21506   arm_fir_f32.o
        28          0          0          0          0       1059   arm_fir_init_f32.o
         0          0          0          0          0          0   entry.o
         0          0          0          0          0          0   entry10a.o
         0          0          0          0          0          0   entry11a.o
         8          4          0          0          0          0   entry2.o
         4          0          0          0          0          0   entry5.o
         0          0          0          0          0          0   entry7b.o
         0          0          0          0          0          0   entry8b.o
         8          4          0          0          0          0   entry9a.o
        30          0          0          0          0          0   handlers.o
        36          8          0          0          0         68   init.o
         0          0          0          0          0          0   iusefp.o
        30          0          0          0          0         68   llshl.o
        36          0          0          0          0         68   llsshr.o
        32          0          0          0          0         68   llushr.o
        36          0          0          0          0        108   memseta.o
      2258         90          0          0          0        452   printfa.o
        24          0          0          0          0         76   strncpy.o
        44          0          0          0          0         80   uidiv.o
        98          0          0          0          0         92   uldiv.o
        48          0          0          0          0         68   cdrcmple.o
        20          0          0          0          0         68   cfcmple.o
        20          0          0          0          0         68   cfrcmple.o
       334          0          0          0          0        148   dadd.o
       222          0          0          0          0        100   ddiv.o
       186          0          0          0          0        176   depilogue.o
        48          0          0          0          0         68   dfixul.o
       228          0          0          0          0         96   dmul.o
        38          0          0          0          0         68   f2d.o
       176          0          0          0          0        140   fadd.o
       124          0          0          0          0         88   fdiv.o
       110          0          0          0          0        168   fepilogue.o
        50          0          0          0          0         68   ffixi.o
        40          0          0          0          0         68   ffixui.o
        18          0          0          0          0         68   fflti.o
        10          0          0          0          0         68   ffltui.o
       100          0          0          0          0         76   fmul.o

    ----------------------------------------------------------------------
      6724        106          0          0          0      25249   Library Totals
         6          0          0          0          0          0   (incl. Padding)

    ----------------------------------------------------------------------

      Code (inc. data)   RO Data    RW Data    ZI Data      Debug   Library Name

      2302          0          0          0          0      22565   arm_cortexM3l_math.lib
      2644        106          0          0          0       1080   mc_w.l
      1772          0          0          0          0       1604   mf_w.l

    ----------------------------------------------------------------------
      6724        106          0          0          0      25249   Library Totals

    ----------------------------------------------------------------------

==============================================================================


      Code (inc. data)   RO Data    RW Data    ZI Data      Debug   

     15644        762       1544        192       6288     360340   Grand Totals
     15644        762       1544        192       6288     360340   ELF Image Totals
     15644        762       1544        192          0          0   ROM Totals

==============================================================================

    Total RO  Size (Code + RO Data)                17188 (  16.79kB)
    Total RW  Size (RW Data + ZI Data)              6480 (   6.33kB)
    Total ROM Size (Code + RO Data + RW Data)      17380 (  16.97kB)

==============================================================================

